Archive member included because of file (symbol)

C:/Freescale/KSDK_1.3.0/lib/ksdk_platform_lib/kds/KL26Z4/debug/libksdk_platform.a(fsl_uart_hal.o)
                              ./Utilities/fsl_debug_console.o (UART_HAL_SetBaudRate)
C:/Freescale/KSDK_1.3.0/lib/ksdk_platform_lib/kds/KL26Z4/debug/libksdk_platform.a(fsl_uart_driver.o)
                              ./Sources/UART1_Half_Duplex.o (UART_DRV_Init)
C:/Freescale/KSDK_1.3.0/lib/ksdk_platform_lib/kds/KL26Z4/debug/libksdk_platform.a(fsl_lpsci_hal.o)
                              ./Utilities/fsl_debug_console.o (LPSCI_HAL_SetBaudRate)
C:/Freescale/KSDK_1.3.0/lib/ksdk_platform_lib/kds/KL26Z4/debug/libksdk_platform.a(fsl_clock_MKL26Z4.o)
                              ./Board/board.o (CLOCK_SYS_SetConfiguration)
C:/Freescale/KSDK_1.3.0/lib/ksdk_platform_lib/kds/KL26Z4/debug/libksdk_platform.a(fsl_clock_manager.o)
                              C:/Freescale/KSDK_1.3.0/lib/ksdk_platform_lib/kds/KL26Z4/debug/libksdk_platform.a(fsl_clock_MKL26Z4.o) (CLOCK_SYS_GetSystickFreq)
C:/Freescale/KSDK_1.3.0/lib/ksdk_platform_lib/kds/KL26Z4/debug/libksdk_platform.a(fsl_clock_manager_common.o)
                              C:/Freescale/KSDK_1.3.0/lib/ksdk_platform_lib/kds/KL26Z4/debug/libksdk_platform.a(fsl_clock_MKL26Z4.o) (g_oscBase)
C:/Freescale/KSDK_1.3.0/lib/ksdk_platform_lib/kds/KL26Z4/debug/libksdk_platform.a(fsl_os_abstraction_bm.o)
                              C:/Freescale/KSDK_1.3.0/lib/ksdk_platform_lib/kds/KL26Z4/debug/libksdk_platform.a(fsl_uart_driver.o) (OSA_SemaCreate)
C:/Freescale/KSDK_1.3.0/lib/ksdk_platform_lib/kds/KL26Z4/debug/libksdk_platform.a(fsl_uart_common.o)
                              C:/Freescale/KSDK_1.3.0/lib/ksdk_platform_lib/kds/KL26Z4/debug/libksdk_platform.a(fsl_uart_driver.o) (g_uartStatePtr)
C:/Freescale/KSDK_1.3.0/lib/ksdk_platform_lib/kds/KL26Z4/debug/libksdk_platform.a(fsl_sim_hal_MKL26Z4.o)
                              C:/Freescale/KSDK_1.3.0/lib/ksdk_platform_lib/kds/KL26Z4/debug/libksdk_platform.a(fsl_clock_MKL26Z4.o) (CLOCK_HAL_SetOutDiv)
C:/Freescale/KSDK_1.3.0/lib/ksdk_platform_lib/kds/KL26Z4/debug/libksdk_platform.a(fsl_osc_hal.o)
                              C:/Freescale/KSDK_1.3.0/lib/ksdk_platform_lib/kds/KL26Z4/debug/libksdk_platform.a(fsl_clock_manager.o) (OSC_HAL_SetCapacitor)
C:/Freescale/KSDK_1.3.0/lib/ksdk_platform_lib/kds/KL26Z4/debug/libksdk_platform.a(fsl_mcg_hal.o)
                              C:/Freescale/KSDK_1.3.0/lib/ksdk_platform_lib/kds/KL26Z4/debug/libksdk_platform.a(fsl_clock_MKL26Z4.o) (g_xtal0ClkFreq)
C:/Freescale/KSDK_1.3.0/lib/ksdk_platform_lib/kds/KL26Z4/debug/libksdk_platform.a(fsl_mcg_hal_modes.o)
                              C:/Freescale/KSDK_1.3.0/lib/ksdk_platform_lib/kds/KL26Z4/debug/libksdk_platform.a(fsl_clock_manager.o) (CLOCK_HAL_GetMcgMode)
C:/Freescale/KSDK_1.3.0/lib/ksdk_platform_lib/kds/KL26Z4/debug/libksdk_platform.a(fsl_lptmr_hal.o)
                              C:/Freescale/KSDK_1.3.0/lib/ksdk_platform_lib/kds/KL26Z4/debug/libksdk_platform.a(fsl_os_abstraction_bm.o) (LPTMR_HAL_SetTimerWorkingMode)
C:/Freescale/KSDK_1.3.0/lib/ksdk_platform_lib/kds/KL26Z4/debug/libksdk_platform.a(fsl_interrupt_manager.o)
                              C:/Freescale/KSDK_1.3.0/lib/ksdk_platform_lib/kds/KL26Z4/debug/libksdk_platform.a(fsl_os_abstraction_bm.o) (INT_SYS_InstallHandler)
c:/freescale/kds_3.0.0/toolchain/bin/../lib/gcc/arm-none-eabi/4.8.4/armv6-m\libgcc.a(_udivsi3.o)
                              ./Utilities/print_scan.o (__aeabi_uidiv)
c:/freescale/kds_3.0.0/toolchain/bin/../lib/gcc/arm-none-eabi/4.8.4/armv6-m\libgcc.a(_divsi3.o)
                              ./Utilities/print_scan.o (__aeabi_idiv)
c:/freescale/kds_3.0.0/toolchain/bin/../lib/gcc/arm-none-eabi/4.8.4/armv6-m\libgcc.a(_dvmd_tls.o)
                              c:/freescale/kds_3.0.0/toolchain/bin/../lib/gcc/arm-none-eabi/4.8.4/armv6-m\libgcc.a(_udivsi3.o) (__aeabi_idiv0)
c:/freescale/kds_3.0.0/toolchain/bin/../lib/gcc/arm-none-eabi/4.8.4/../../../../arm-none-eabi/lib/armv6-m\libg_s.a(lib_a-assert.o)
                              ./Board/board.o (__assert_func)
c:/freescale/kds_3.0.0/toolchain/bin/../lib/gcc/arm-none-eabi/4.8.4/../../../../arm-none-eabi/lib/armv6-m\libg_s.a(lib_a-calloc.o)
                              C:/Freescale/KSDK_1.3.0/lib/ksdk_platform_lib/kds/KL26Z4/debug/libksdk_platform.a(fsl_os_abstraction_bm.o) (calloc)
c:/freescale/kds_3.0.0/toolchain/bin/../lib/gcc/arm-none-eabi/4.8.4/../../../../arm-none-eabi/lib/armv6-m\libg_s.a(lib_a-exit.o)
                              c:/freescale/kds_3.0.0/toolchain/bin/../lib/gcc/arm-none-eabi/4.8.4/../../../../arm-none-eabi/lib/armv6-m/crt0.o (exit)
c:/freescale/kds_3.0.0/toolchain/bin/../lib/gcc/arm-none-eabi/4.8.4/../../../../arm-none-eabi/lib/armv6-m\libg_s.a(lib_a-fprintf.o)
                              c:/freescale/kds_3.0.0/toolchain/bin/../lib/gcc/arm-none-eabi/4.8.4/../../../../arm-none-eabi/lib/armv6-m\libg_s.a(lib_a-assert.o) (fiprintf)
[...]
Memory Configuration

Name             Origin             Length             Attributes
m_interrupts     0x00000000         0x00000100         xr
m_flash_config   0x00000400         0x00000010         xr
m_text           0x00000410         0x0001fbf0         xr
m_data           0x1ffff000         0x00004000         rw
*default*        0x00000000         0xffffffff

Linker script and memory map

LOAD c:/freescale/kds_3.0.0/toolchain/bin/../lib/gcc/arm-none-eabi/4.8.4/armv6-m/crti.o
LOAD c:/freescale/kds_3.0.0/toolchain/bin/../lib/gcc/arm-none-eabi/4.8.4/armv6-m/crtbegin.o
LOAD c:/freescale/kds_3.0.0/toolchain/bin/../lib/gcc/arm-none-eabi/4.8.4/../../../../arm-none-eabi/lib/armv6-m/crt0.o
LOAD ./Utilities/fsl_debug_console.o
LOAD ./Utilities/print_scan.o
LOAD ./Sources/UART1_Half_Duplex.o
LOAD ./Project_Settings/Startup_Code/startup.o
LOAD ./Project_Settings/Startup_Code/startup_MKL26Z4.o
LOAD ./Project_Settings/Startup_Code/system_MKL26Z4.o
LOAD ./Board/board.o
LOAD ./Board/gpio_pins.o
LOAD ./Board/hardware_init.o
LOAD ./Board/pin_mux.o
LOAD C:/Freescale/KSDK_1.3.0/lib/ksdk_platform_lib/kds/KL26Z4/debug/libksdk_platform.a
LOAD c:/freescale/kds_3.0.0/toolchain/bin/../lib/gcc/arm-none-eabi/4.8.4/../../../../arm-none-eabi/lib/armv6-m\libstdc++_s.a
LOAD c:/freescale/kds_3.0.0/toolchain/bin/../lib/gcc/arm-none-eabi/4.8.4/../../../../arm-none-eabi/lib/armv6-m\libm.a
START GROUP
LOAD c:/freescale/kds_3.0.0/toolchain/bin/../lib/gcc/arm-none-eabi/4.8.4/armv6-m\libgcc.a
LOAD c:/freescale/kds_3.0.0/toolchain/bin/../lib/gcc/arm-none-eabi/4.8.4/../../../../arm-none-eabi/lib/armv6-m\libg_s.a
LOAD c:/freescale/kds_3.0.0/toolchain/bin/../lib/gcc/arm-none-eabi/4.8.4/../../../../arm-none-eabi/lib/armv6-m\libc_s.a
END GROUP
START GROUP
LOAD c:/freescale/kds_3.0.0/toolchain/bin/../lib/gcc/arm-none-eabi/4.8.4/armv6-m\libgcc.a
LOAD c:/freescale/kds_3.0.0/toolchain/bin/../lib/gcc/arm-none-eabi/4.8.4/../../../../arm-none-eabi/lib/armv6-m\libc_s.a
LOAD c:/freescale/kds_3.0.0/toolchain/bin/../lib/gcc/arm-none-eabi/4.8.4/../../../../arm-none-eabi/lib/armv6-m\libnosys.a
END GROUP
START GROUP
LOAD c:/freescale/kds_3.0.0/toolchain/bin/../lib/gcc/arm-none-eabi/4.8.4/armv6-m\libgcc.a
LOAD c:/freescale/kds_3.0.0/toolchain/bin/../lib/gcc/arm-none-eabi/4.8.4/../../../../arm-none-eabi/lib/armv6-m\libc_s.a
LOAD c:/freescale/kds_3.0.0/toolchain/bin/../lib/gcc/arm-none-eabi/4.8.4/../../../../arm-none-eabi/lib/armv6-m\libnosys.a
END GROUP
LOAD c:/freescale/kds_3.0.0/toolchain/bin/../lib/gcc/arm-none-eabi/4.8.4/armv6-m/crtend.o
LOAD c:/freescale/kds_3.0.0/toolchain/bin/../lib/gcc/arm-none-eabi/4.8.4/armv6-m/crtn.o
                0x00000400                HEAP_SIZE = DEFINED (__heap_size__)?__heap_size__:0x400
                0x00000400                STACK_SIZE = DEFINED (__stack_size__)?__stack_size__:0x400
                0x00000000                M_VECTOR_RAM_SIZE = DEFINED (__ram_vector_table__)?0x100:0x0

.interrupts     0x00000000       0xc0
                0x00000000                __VECTOR_TABLE = .
                0x00000000                . = ALIGN (0x4)
 *(.isr_vector)
 .isr_vector    0x00000000       0xc0 ./Project_Settings/Startup_Code/startup_MKL26Z4.o
                0x00000000                __isr_vector
                0x000000c0                . = ALIGN (0x4)

.flash_config   0x00000400       0x10
                0x00000400                . = ALIGN (0x4)
 *(.FlashConfig)
 .FlashConfig   0x00000400       0x10 ./Project_Settings/Startup_Code/startup_MKL26Z4.o
                0x00000410                . = ALIGN (0x4)

.text           0x00000410     0x6024
                0x00000410                . = ALIGN (0x4)
 *(.text)
 .text          0x00000410       0x60 c:/freescale/kds_3.0.0/toolchain/bin/../lib/gcc/arm-none-eabi/4.8.4/armv6-m/crtbegin.o
 .text          0x00000470       0x78 c:/freescale/kds_3.0.0/toolchain/bin/../lib/gcc/arm-none-eabi/4.8.4/../../../../arm-none-eabi/lib/armv6-m/crt0.o
                0x00000470                _start
                0x00000470                _mainCRTStartup
 .text          0x000004e8       0x18 ./Project_Settings/Startup_Code/startup_MKL26Z4.o
                0x000004e8                Reset_Handler
                0x000004f8                HardFault_Handler
                0x000004f8                SysTick_Handler
                0x000004f8                PendSV_Handler
                0x000004f8                NMI_Handler
                0x000004f8                PORTC_PORTD_IRQHandler
                0x000004f8                I2C1_IRQHandler
                0x000004f8                DMA2_IRQHandler
                0x000004f8                TPM0_IRQHandler
                0x000004f8                I2S0_IRQHandler
                0x000004f8                LLWU_IRQHandler
                0x000004f8                TSI0_IRQHandler
                0x000004f8                UART0_IRQHandler
                0x000004f8                ADC0_IRQHandler
                0x000004f8                SPI1_IRQHandler
                0x000004f8                DefaultISR
                0x000004f8                TPM2_IRQHandler
                0x000004f8                RTC_IRQHandler
                0x000004f8                I2C0_IRQHandler
                0x000004f8                RTC_Seconds_IRQHandler
                0x000004f8                MCG_IRQHandler
                0x000004f8                UART2_IRQHandler
                0x000004f8                Reserved20_IRQHandler
                0x000004f8                USB0_IRQHandler
                0x000004f8                PIT_IRQHandler
                0x000004f8                SVC_Handler
                0x000004f8                DMA3_IRQHandler
                0x000004f8                DMA0_IRQHandler
                0x000004f8                DAC0_IRQHandler
                0x000004f8                Reserved45_IRQHandler
                0x000004f8                TPM1_IRQHandler
                0x000004f8                LVD_LVW_IRQHandler
                0x000004f8                SPI0_IRQHandler
                0x000004f8                PORTA_IRQHandler
                0x000004f8                FTFA_IRQHandler
                0x000004f8                LPTMR0_IRQHandler
                0x000004f8                CMP0_IRQHandler
                0x000004f8                DMA1_IRQHandler
 .text          0x00000500       0x9c c:/freescale/kds_3.0.0/toolchain/bin/../lib/gcc/arm-none-eabi/4.8.4/armv6-m\libgcc.a(_udivsi3.o)
                0x00000500                __aeabi_uidiv
                0x00000500                __udivsi3
                0x00000588                __aeabi_uidivmod
 .text          0x0000059c       0xc0 c:/freescale/kds_3.0.0/toolchain/bin/../lib/gcc/arm-none-eabi/4.8.4/armv6-m\libgcc.a(_divsi3.o)
                0x0000059c                __divsi3
                0x0000059c                __aeabi_idiv
                0x00000648                __aeabi_idivmod
 .text          0x0000065c        0x4 c:/freescale/kds_3.0.0/toolchain/bin/../lib/gcc/arm-none-eabi/4.8.4/armv6-m\libgcc.a(_dvmd_tls.o)
                0x0000065c                __aeabi_idiv0
                0x0000065c                __aeabi_ldiv0
 *(.text*)
 .text.UART_HAL_EnableTransmitter
                0x00000660       0x1c ./Utilities/fsl_debug_console.o
 .text.UART_HAL_EnableReceiver
                0x0000067c       0x1c ./Utilities/fsl_debug_console.o
 .text.UART_HAL_SetBitCountPerChar
                0x00000698       0x28 ./Utilities/fsl_debug_console.o
 .text.UART_HAL_SetStopBitCount
                0x000006c0       0x28 ./Utilities/fsl_debug_console.o
 .text.LPSCI_HAL_EnableTransmitter
                0x000006e8       0x1c ./Utilities/fsl_debug_console.o
 .text.LPSCI_HAL_EnableReceiver
                0x00000704       0x1c ./Utilities/fsl_debug_console.o
 .text.LPSCI_HAL_SetBitCountPerChar
                0x00000720       0x28 ./Utilities/fsl_debug_console.o
 .text.LPSCI_HAL_SetStopBitCount
                0x00000748       0x28 ./Utilities/fsl_debug_console.o
 .text.DbgConsole_Init
                0x00000770      0x160 ./Utilities/fsl_debug_console.o
                0x00000770                DbgConsole_Init
 .text._write   0x000008d0       0x5c ./Utilities/fsl_debug_console.o
                0x000008d0                _write
 .text._read    0x0000092c       0x48 ./Utilities/fsl_debug_console.o
                0x0000092c                _read
 .text.debug_printf
                0x00000974       0x4c ./Utilities/fsl_debug_console.o
                0x00000974                debug_printf
 .text.debug_putc
                0x000009c0       0x44 ./Utilities/fsl_debug_console.o
 .text._doprint
                0x00000a04      0x6e4 ./Utilities/print_scan.o
                0x00000a04                _doprint
 .text.mknumstr
                0x000010e8      0x110 ./Utilities/print_scan.o
 .text.fput_pad
                0x000011f8       0x44 ./Utilities/print_scan.o
 .text.UART1_IRQHandler
                0x0000123c       0x10 ./Sources/UART1_Half_Duplex.o
                0x0000123c                UART1_IRQHandler
 .text.send_command
                0x0000124c      0x138 ./Sources/UART1_Half_Duplex.o
                0x0000124c                send_command
 .text.main     0x00001384      0x2d4 ./Sources/UART1_Half_Duplex.o
                0x00001384                main
 .text.init_data_bss
                0x00001658       0xc8 ./Project_Settings/Startup_Code/startup.o
                0x00001658                init_data_bss
 .text.SystemInit
                0x00001720       0x38 ./Project_Settings/Startup_Code/system_MKL26Z4.o
                0x00001720                SystemInit
 .text.PORT_HAL_SetMuxMode
                0x00001758       0x4c ./Board/board.o
 .text.CLOCK_HAL_SetLpsciSrc
                0x000017a4       0x30 ./Board/board.o
 .text.CLOCK_SYS_SetLpsciSrc
                0x000017d4       0x2c ./Board/board.o
 .text.SMC_HAL_SetProtection
                0x00001800       0x1c ./Board/board.o
 .text.BOARD_InitOsc0
                0x0000181c       0x40 ./Board/board.o
                0x0000181c                BOARD_InitOsc0
 .text.BOARD_InitRtcOsc
                0x0000185c       0x3c ./Board/board.o
                0x0000185c                BOARD_InitRtcOsc
 .text.BOARD_ClockInit
                0x00001898       0x48 ./Board/board.o
                0x00001898                BOARD_ClockInit
 .text.dbg_uart_init
                0x000018e0       0x24 ./Board/board.o
                0x000018e0                dbg_uart_init
 .text.hardware_init
                0x00001904       0x1c ./Board/hardware_init.o
                0x00001904                hardware_init
 .text.PORT_HAL_SetMuxMode
                0x00001920       0x4c ./Board/pin_mux.o
 .text.configure_lpsci_pins
                0x0000196c       0x34 ./Board/pin_mux.o
                0x0000196c                configure_lpsci_pins
 .text.configure_uart_pins
                0x000019a0       0x54 ./Board/pin_mux.o
                0x000019a0                configure_uart_pins
 .text.UART_HAL_Init
                0x000019f4       0x38 C:/Freescale/KSDK_1.3.0/lib/ksdk_platform_lib/kds/KL26Z4/debug/libksdk_platform.a(fsl_uart_hal.o)
                0x000019f4                UART_HAL_Init
 .text.UART_HAL_SetBaudRate
                0x00001a2c       0x6c C:/Freescale/KSDK_1.3.0/lib/ksdk_platform_lib/kds/KL26Z4/debug/libksdk_platform.a(fsl_uart_hal.o)
                0x00001a2c                UART_HAL_SetBaudRate
 .text.UART_HAL_SetParityMode
                0x00001a98       0x40 C:/Freescale/KSDK_1.3.0/lib/ksdk_platform_lib/kds/KL26Z4/debug/libksdk_platform.a(fsl_uart_hal.o)
                0x00001a98                UART_HAL_SetParityMode
 .text.UART_HAL_Putchar
                0x00001ad8       0x34 C:/Freescale/KSDK_1.3.0/lib/ksdk_platform_lib/kds/KL26Z4/debug/libksdk_platform.a(fsl_uart_hal.o)
                0x00001ad8                UART_HAL_Putchar
 .text.UART_HAL_Getchar
                0x00001b0c       0x34 C:/Freescale/KSDK_1.3.0/lib/ksdk_platform_lib/kds/KL26Z4/debug/libksdk_platform.a(fsl_uart_hal.o)
                0x00001b0c                UART_HAL_Getchar
 .text.UART_HAL_SendDataPolling
                0x00001b40       0x44 C:/Freescale/KSDK_1.3.0/lib/ksdk_platform_lib/kds/KL26Z4/debug/libksdk_platform.a(fsl_uart_hal.o)
                0x00001b40                UART_HAL_SendDataPolling
 .text.UART_HAL_ReceiveDataPolling
                0x00001b84       0xa4 C:/Freescale/KSDK_1.3.0/lib/ksdk_platform_lib/kds/KL26Z4/debug/libksdk_platform.a(fsl_uart_hal.o)
                0x00001b84                UART_HAL_ReceiveDataPolling
 .text.UART_HAL_SetIntMode
                0x00001c28       0xd4 C:/Freescale/KSDK_1.3.0/lib/ksdk_platform_lib/kds/KL26Z4/debug/libksdk_platform.a(fsl_uart_hal.o)
                0x00001c28                UART_HAL_SetIntMode
 .text.UART_HAL_GetStatusFlag
                0x00001cfc       0x8c C:/Freescale/KSDK_1.3.0/lib/ksdk_platform_lib/kds/KL26Z4/debug/libksdk_platform.a(fsl_uart_hal.o)
                0x00001cfc                UART_HAL_GetStatusFlag
 .text.UART_HAL_ClearStatusFlag
                0x00001d88       0x98 C:/Freescale/KSDK_1.3.0/lib/ksdk_platform_lib/kds/KL26Z4/debug/libksdk_platform.a(fsl_uart_hal.o)
                0x00001d88                UART_HAL_ClearStatusFlag
 .text.NVIC_EnableIRQ
                0x00001e20       0x2c C:/Freescale/KSDK_1.3.0/lib/ksdk_platform_lib/kds/KL26Z4/debug/libksdk_platform.a(fsl_uart_driver.o)
 .text.UART_HAL_EnableTransmitter
                0x00001e4c       0x1c C:/Freescale/KSDK_1.3.0/lib/ksdk_platform_lib/kds/KL26Z4/debug/libksdk_platform.a(fsl_uart_driver.o)
 .text.UART_HAL_EnableReceiver
                0x00001e68       0x1c C:/Freescale/KSDK_1.3.0/lib/ksdk_platform_lib/kds/KL26Z4/debug/libksdk_platform.a(fsl_uart_driver.o)
 .text.UART_HAL_SetBitCountPerChar
                0x00001e84       0x28 C:/Freescale/KSDK_1.3.0/lib/ksdk_platform_lib/kds/KL26Z4/debug/libksdk_platform.a(fsl_uart_driver.o)
 .text.UART_HAL_SetStopBitCount
                0x00001eac       0x28 C:/Freescale/KSDK_1.3.0/lib/ksdk_platform_lib/kds/KL26Z4/debug/libksdk_platform.a(fsl_uart_driver.o)
 .text.INT_SYS_EnableIRQ
                0x00001ed4       0x5c C:/Freescale/KSDK_1.3.0/lib/ksdk_platform_lib/kds/KL26Z4/debug/libksdk_platform.a(fsl_uart_driver.o)
 .text.UART_DRV_Init
                0x00001f30      0x144 C:/Freescale/KSDK_1.3.0/lib/ksdk_platform_lib/kds/KL26Z4/debug/libksdk_platform.a(fsl_uart_driver.o)
                0x00001f30                UART_DRV_Init
 .text.UART_DRV_SendDataBlocking
                0x00002074       0xec C:/Freescale/KSDK_1.3.0/lib/ksdk_platform_lib/kds/KL26Z4/debug/libksdk_platform.a(fsl_uart_driver.o)
                0x00002074                UART_DRV_SendDataBlocking
 .text.UART_DRV_ReceiveDataBlocking
                0x00002160       0xfc C:/Freescale/KSDK_1.3.0/lib/ksdk_platform_lib/kds/KL26Z4/debug/libksdk_platform.a(fsl_uart_driver.o)
                0x00002160                UART_DRV_ReceiveDataBlocking
 .text.UART_DRV_IRQHandler
                0x0000225c      0x16c C:/Freescale/KSDK_1.3.0/lib/ksdk_platform_lib/kds/KL26Z4/debug/libksdk_platform.a(fsl_uart_driver.o)
                0x0000225c                UART_DRV_IRQHandler
 .text.UART_DRV_CompleteSendData
                0x000023c8       0x74 C:/Freescale/KSDK_1.3.0/lib/ksdk_platform_lib/kds/KL26Z4/debug/libksdk_platform.a(fsl_uart_driver.o)
 .text.UART_DRV_StartSendData
                0x0000243c       0x8c C:/Freescale/KSDK_1.3.0/lib/ksdk_platform_lib/kds/KL26Z4/debug/libksdk_platform.a(fsl_uart_driver.o)
 .text.UART_DRV_CompleteReceiveData
                0x000024c8       0x88 C:/Freescale/KSDK_1.3.0/lib/ksdk_platform_lib/kds/KL26Z4/debug/libksdk_platform.a(fsl_uart_driver.o)
 .text.UART_DRV_StartReceiveData
                0x00002550       0xa8 C:/Freescale/KSDK_1.3.0/lib/ksdk_platform_lib/kds/KL26Z4/debug/libksdk_platform.a(fsl_uart_driver.o)
 .text.LPSCI_HAL_Putchar
                0x000025f8       0x1c C:/Freescale/KSDK_1.3.0/lib/ksdk_platform_lib/kds/KL26Z4/debug/libksdk_platform.a(fsl_lpsci_hal.o)
 .text.LPSCI_HAL_Getchar
                0x00002614       0x1c C:/Freescale/KSDK_1.3.0/lib/ksdk_platform_lib/kds/KL26Z4/debug/libksdk_platform.a(fsl_lpsci_hal.o)
 .text.LPSCI_HAL_SetBaudRate
                0x00002630      0x14c C:/Freescale/KSDK_1.3.0/lib/ksdk_platform_lib/kds/KL26Z4/debug/libksdk_platform.a(fsl_lpsci_hal.o)
                0x00002630                LPSCI_HAL_SetBaudRate
 .text.LPSCI_HAL_SetParityMode
                0x0000277c       0x40 C:/Freescale/KSDK_1.3.0/lib/ksdk_platform_lib/kds/KL26Z4/debug/libksdk_platform.a(fsl_lpsci_hal.o)
                0x0000277c                LPSCI_HAL_SetParityMode
 .text.LPSCI_HAL_SendDataPolling
                0x000027bc       0x44 C:/Freescale/KSDK_1.3.0/lib/ksdk_platform_lib/kds/KL26Z4/debug/libksdk_platform.a(fsl_lpsci_hal.o)
                0x000027bc                LPSCI_HAL_SendDataPolling
 .text.LPSCI_HAL_ReceiveDataPolling
                0x00002800       0x88 C:/Freescale/KSDK_1.3.0/lib/ksdk_platform_lib/kds/KL26Z4/debug/libksdk_platform.a(fsl_lpsci_hal.o)
                0x00002800                LPSCI_HAL_ReceiveDataPolling
 .text.SIM_HAL_EnableClock
                0x00002888       0x58 C:/Freescale/KSDK_1.3.0/lib/ksdk_platform_lib/kds/KL26Z4/debug/libksdk_platform.a(fsl_clock_MKL26Z4.o)
 .text.CLOCK_HAL_GetLpsciSrc
                0x000028e0       0x28 C:/Freescale/KSDK_1.3.0/lib/ksdk_platform_lib/kds/KL26Z4/debug/libksdk_platform.a(fsl_clock_MKL26Z4.o)
 .text.CLOCK_HAL_SetExternalRefClock32kSrc
                0x00002908       0x28 C:/Freescale/KSDK_1.3.0/lib/ksdk_platform_lib/kds/KL26Z4/debug/libksdk_platform.a(fsl_clock_MKL26Z4.o)
 .text.CLOCK_HAL_SetPllfllSel
                0x00002930       0x2c C:/Freescale/KSDK_1.3.0/lib/ksdk_platform_lib/kds/KL26Z4/debug/libksdk_platform.a(fsl_clock_MKL26Z4.o)
 .text.CLOCK_HAL_GetPllfllSel
                0x0000295c       0x24 C:/Freescale/KSDK_1.3.0/lib/ksdk_platform_lib/kds/KL26Z4/debug/libksdk_platform.a(fsl_clock_MKL26Z4.o)
 .text.CLOCK_HAL_GetOutDiv1
                0x00002980       0x28 C:/Freescale/KSDK_1.3.0/lib/ksdk_platform_lib/kds/KL26Z4/debug/libksdk_platform.a(fsl_clock_MKL26Z4.o)
 .text.CLOCK_HAL_GetOutDiv4
                0x000029a8       0x28 C:/Freescale/KSDK_1.3.0/lib/ksdk_platform_lib/kds/KL26Z4/debug/libksdk_platform.a(fsl_clock_MKL26Z4.o)
 .text.OSC_HAL_GetExternalRefClkCmd
                0x000029d0       0x24 C:/Freescale/KSDK_1.3.0/lib/ksdk_platform_lib/kds/KL26Z4/debug/libksdk_platform.a(fsl_clock_MKL26Z4.o)
 .text.CLOCK_SYS_SetSimConfigration
                0x000029f4       0x48 C:/Freescale/KSDK_1.3.0/lib/ksdk_platform_lib/kds/KL26Z4/debug/libksdk_platform.a(fsl_clock_MKL26Z4.o)
                0x000029f4                CLOCK_SYS_SetSimConfigration
 .text.CLOCK_SYS_SetConfiguration
                0x00002a3c       0x74 C:/Freescale/KSDK_1.3.0/lib/ksdk_platform_lib/kds/KL26Z4/debug/libksdk_platform.a(fsl_clock_MKL26Z4.o)
                0x00002a3c                CLOCK_SYS_SetConfiguration
 .text.CLOCK_SYS_GetCoreClockFreq
                0x00002ab0       0x34 C:/Freescale/KSDK_1.3.0/lib/ksdk_platform_lib/kds/KL26Z4/debug/libksdk_platform.a(fsl_clock_MKL26Z4.o)
                0x00002ab0                CLOCK_SYS_GetCoreClockFreq
 .text.CLOCK_SYS_GetSystemClockFreq
                0x00002ae4       0x34 C:/Freescale/KSDK_1.3.0/lib/ksdk_platform_lib/kds/KL26Z4/debug/libksdk_platform.a(fsl_clock_MKL26Z4.o)
                0x00002ae4                CLOCK_SYS_GetSystemClockFreq
 .text.CLOCK_SYS_GetBusClockFreq
                0x00002b18       0x2c C:/Freescale/KSDK_1.3.0/lib/ksdk_platform_lib/kds/KL26Z4/debug/libksdk_platform.a(fsl_clock_MKL26Z4.o)
                0x00002b18                CLOCK_SYS_GetBusClockFreq
 .text.CLOCK_SYS_GetPllFllClockFreq
                0x00002b44       0x5c C:/Freescale/KSDK_1.3.0/lib/ksdk_platform_lib/kds/KL26Z4/debug/libksdk_platform.a(fsl_clock_MKL26Z4.o)
                0x00002b44                CLOCK_SYS_GetPllFllClockFreq
 .text.CLOCK_SYS_GetOsc0ExternalRefClockFreq
                0x00002ba0       0x2c C:/Freescale/KSDK_1.3.0/lib/ksdk_platform_lib/kds/KL26Z4/debug/libksdk_platform.a(fsl_clock_MKL26Z4.o)
                0x00002ba0                CLOCK_SYS_GetOsc0ExternalRefClockFreq
 .text.CLOCK_SYS_GetLpsciFreq
                0x00002bcc       0x68 C:/Freescale/KSDK_1.3.0/lib/ksdk_platform_lib/kds/KL26Z4/debug/libksdk_platform.a(fsl_clock_MKL26Z4.o)
                0x00002bcc                CLOCK_SYS_GetLpsciFreq
 .text.CLOCK_SYS_GetUartFreq
                0x00002c34       0x2c C:/Freescale/KSDK_1.3.0/lib/ksdk_platform_lib/kds/KL26Z4/debug/libksdk_platform.a(fsl_clock_MKL26Z4.o)
                0x00002c34                CLOCK_SYS_GetUartFreq
 .text.CLOCK_SYS_EnablePortClock
                0x00002c60       0x4c C:/Freescale/KSDK_1.3.0/lib/ksdk_platform_lib/kds/KL26Z4/debug/libksdk_platform.a(fsl_clock_MKL26Z4.o)
                0x00002c60                CLOCK_SYS_EnablePortClock
 .text.CLOCK_SYS_EnableLpsciClock
                0x00002cac       0x40 C:/Freescale/KSDK_1.3.0/lib/ksdk_platform_lib/kds/KL26Z4/debug/libksdk_platform.a(fsl_clock_MKL26Z4.o)
                0x00002cac                CLOCK_SYS_EnableLpsciClock
 .text.CLOCK_SYS_EnableUartClock
                0x00002cec       0x4c C:/Freescale/KSDK_1.3.0/lib/ksdk_platform_lib/kds/KL26Z4/debug/libksdk_platform.a(fsl_clock_MKL26Z4.o)
                0x00002cec                CLOCK_SYS_EnableUartClock
 .text.SIM_HAL_EnableClock
                0x00002d38       0x58 C:/Freescale/KSDK_1.3.0/lib/ksdk_platform_lib/kds/KL26Z4/debug/libksdk_platform.a(fsl_clock_manager.o)
 .text.CLOCK_HAL_SetClkOutSrc
                0x00002d90       0x28 C:/Freescale/KSDK_1.3.0/lib/ksdk_platform_lib/kds/KL26Z4/debug/libksdk_platform.a(fsl_clock_manager.o)
 .text.CLOCK_HAL_GetClkOutStat
                0x00002db8       0x20 C:/Freescale/KSDK_1.3.0/lib/ksdk_platform_lib/kds/KL26Z4/debug/libksdk_platform.a(fsl_clock_manager.o)
 .text.CLOCK_HAL_SetInternalRefClkEnableCmd
                0x00002dd8       0x28 C:/Freescale/KSDK_1.3.0/lib/ksdk_platform_lib/kds/KL26Z4/debug/libksdk_platform.a(fsl_clock_manager.o)
 .text.CLOCK_HAL_SetInternalRefClkEnableInStopCmd
                0x00002e00       0x24 C:/Freescale/KSDK_1.3.0/lib/ksdk_platform_lib/kds/KL26Z4/debug/libksdk_platform.a(fsl_clock_manager.o)
 .text.CLOCK_HAL_SetInternalRefClkMode
                0x00002e24       0x24 C:/Freescale/KSDK_1.3.0/lib/ksdk_platform_lib/kds/KL26Z4/debug/libksdk_platform.a(fsl_clock_manager.o)
 .text.CLOCK_HAL_GetInternalRefClkMode
                0x00002e48       0x20 C:/Freescale/KSDK_1.3.0/lib/ksdk_platform_lib/kds/KL26Z4/debug/libksdk_platform.a(fsl_clock_manager.o)
 .text.CLOCK_HAL_SetPll0EnableCmd
                0x00002e68       0x28 C:/Freescale/KSDK_1.3.0/lib/ksdk_platform_lib/kds/KL26Z4/debug/libksdk_platform.a(fsl_clock_manager.o)
 .text.CLOCK_HAL_IsOsc0Stable
                0x00002e90       0x24 C:/Freescale/KSDK_1.3.0/lib/ksdk_platform_lib/kds/KL26Z4/debug/libksdk_platform.a(fsl_clock_manager.o)
 .text.OSC_HAL_SetExternalRefClkCmd
                0x00002eb4       0x28 C:/Freescale/KSDK_1.3.0/lib/ksdk_platform_lib/kds/KL26Z4/debug/libksdk_platform.a(fsl_clock_manager.o)
 .text.OSC_HAL_SetExternalRefClkInStopModeCmd
                0x00002edc       0x28 C:/Freescale/KSDK_1.3.0/lib/ksdk_platform_lib/kds/KL26Z4/debug/libksdk_platform.a(fsl_clock_manager.o)
 .text.CLOCK_SYS_EnableRtcClock
                0x00002f04       0x1c C:/Freescale/KSDK_1.3.0/lib/ksdk_platform_lib/kds/KL26Z4/debug/libksdk_platform.a(fsl_clock_manager.o)
 .text.RTC_HAL_SetOsc2pfLoadCmd
                0x00002f20       0x28 C:/Freescale/KSDK_1.3.0/lib/ksdk_platform_lib/kds/KL26Z4/debug/libksdk_platform.a(fsl_clock_manager.o)
 .text.RTC_HAL_SetOsc4pfLoadCmd
                0x00002f48       0x28 C:/Freescale/KSDK_1.3.0/lib/ksdk_platform_lib/kds/KL26Z4/debug/libksdk_platform.a(fsl_clock_manager.o)
 .text.RTC_HAL_SetOsc8pfLoadCmd
                0x00002f70       0x28 C:/Freescale/KSDK_1.3.0/lib/ksdk_platform_lib/kds/KL26Z4/debug/libksdk_platform.a(fsl_clock_manager.o)
 .text.RTC_HAL_SetOsc16pfLoadCmd
                0x00002f98       0x28 C:/Freescale/KSDK_1.3.0/lib/ksdk_platform_lib/kds/KL26Z4/debug/libksdk_platform.a(fsl_clock_manager.o)
 .text.RTC_HAL_SetOscillatorCmd
                0x00002fc0       0x28 C:/Freescale/KSDK_1.3.0/lib/ksdk_platform_lib/kds/KL26Z4/debug/libksdk_platform.a(fsl_clock_manager.o)
 .text.RTC_HAL_IsOscillatorEnabled
                0x00002fe8       0x24 C:/Freescale/KSDK_1.3.0/lib/ksdk_platform_lib/kds/KL26Z4/debug/libksdk_platform.a(fsl_clock_manager.o)
 .text.CLOCK_SYS_FllStableDelay
                0x0000300c       0x24 C:/Freescale/KSDK_1.3.0/lib/ksdk_platform_lib/kds/KL26Z4/debug/libksdk_platform.a(fsl_clock_manager.o)
 .text.CLOCK_SYS_McgModeToIdx
                0x00003030       0x6c C:/Freescale/KSDK_1.3.0/lib/ksdk_platform_lib/kds/KL26Z4/debug/libksdk_platform.a(fsl_clock_manager.o)
 .text.CLOCK_SYS_SetMcgMode
                0x0000309c      0x210 C:/Freescale/KSDK_1.3.0/lib/ksdk_platform_lib/kds/KL26Z4/debug/libksdk_platform.a(fsl_clock_manager.o)
                0x0000309c                CLOCK_SYS_SetMcgMode
 .text.CLOCK_SYS_OscInit
                0x000032ac       0xf0 C:/Freescale/KSDK_1.3.0/lib/ksdk_platform_lib/kds/KL26Z4/debug/libksdk_platform.a(fsl_clock_manager.o)
                0x000032ac                CLOCK_SYS_OscInit
 .text.CLOCK_SYS_SetOscerConfigration
                0x0000339c       0x3c C:/Freescale/KSDK_1.3.0/lib/ksdk_platform_lib/kds/KL26Z4/debug/libksdk_platform.a(fsl_clock_manager.o)
                0x0000339c                CLOCK_SYS_SetOscerConfigration
 .text.CLOCK_SYS_RtcOscInit
                0x000033d8       0xb0 C:/Freescale/KSDK_1.3.0/lib/ksdk_platform_lib/kds/KL26Z4/debug/libksdk_platform.a(fsl_clock_manager.o)
                0x000033d8                CLOCK_SYS_RtcOscInit
 .text.SIM_HAL_EnableClock
                0x00003488       0x58 C:/Freescale/KSDK_1.3.0/lib/ksdk_platform_lib/kds/KL26Z4/debug/libksdk_platform.a(fsl_os_abstraction_bm.o)
 .text.CLOCK_SYS_EnableLptmrClock
                0x000034e0       0x1c C:/Freescale/KSDK_1.3.0/lib/ksdk_platform_lib/kds/KL26Z4/debug/libksdk_platform.a(fsl_os_abstraction_bm.o)
 .text.LPTMR_HAL_Enable
                0x000034fc       0x1c C:/Freescale/KSDK_1.3.0/lib/ksdk_platform_lib/kds/KL26Z4/debug/libksdk_platform.a(fsl_os_abstraction_bm.o)
 .text.LPTMR_HAL_Disable
                0x00003518       0x1c C:/Freescale/KSDK_1.3.0/lib/ksdk_platform_lib/kds/KL26Z4/debug/libksdk_platform.a(fsl_os_abstraction_bm.o)
 .text.LPTMR_HAL_SetIntCmd
                0x00003534       0x24 C:/Freescale/KSDK_1.3.0/lib/ksdk_platform_lib/kds/KL26Z4/debug/libksdk_platform.a(fsl_os_abstraction_bm.o)
 .text.OSA_TimeInit
                0x00003558       0x60 C:/Freescale/KSDK_1.3.0/lib/ksdk_platform_lib/kds/KL26Z4/debug/libksdk_platform.a(fsl_os_abstraction_bm.o)
                0x00003558                OSA_TimeInit
 .text.OSA_TimeDiff
                0x000035b8       0x30 C:/Freescale/KSDK_1.3.0/lib/ksdk_platform_lib/kds/KL26Z4/debug/libksdk_platform.a(fsl_os_abstraction_bm.o)
                0x000035b8                OSA_TimeDiff
 .text.OSA_SemaCreate
                0x000035e8       0x54 C:/Freescale/KSDK_1.3.0/lib/ksdk_platform_lib/kds/KL26Z4/debug/libksdk_platform.a(fsl_os_abstraction_bm.o)
                0x000035e8                OSA_SemaCreate
 .text.OSA_SemaWait
                0x0000363c       0xc8 C:/Freescale/KSDK_1.3.0/lib/ksdk_platform_lib/kds/KL26Z4/debug/libksdk_platform.a(fsl_os_abstraction_bm.o)
                0x0000363c                OSA_SemaWait
 .text.OSA_SemaPost
                0x00003704       0x58 C:/Freescale/KSDK_1.3.0/lib/ksdk_platform_lib/kds/KL26Z4/debug/libksdk_platform.a(fsl_os_abstraction_bm.o)
                0x00003704                OSA_SemaPost
 .text.task_init
                0x0000375c       0x60 C:/Freescale/KSDK_1.3.0/lib/ksdk_platform_lib/kds/KL26Z4/debug/libksdk_platform.a(fsl_os_abstraction_bm.o)
                0x0000375c                task_init
 .text.OSA_TimeGetMsec
                0x000037bc       0x18 C:/Freescale/KSDK_1.3.0/lib/ksdk_platform_lib/kds/KL26Z4/debug/libksdk_platform.a(fsl_os_abstraction_bm.o)
                0x000037bc                OSA_TimeGetMsec
 .text.OSA_Init
                0x000037d4       0x14 C:/Freescale/KSDK_1.3.0/lib/ksdk_platform_lib/kds/KL26Z4/debug/libksdk_platform.a(fsl_os_abstraction_bm.o)
                0x000037d4                OSA_Init
 .text.CLOCK_HAL_SetOutDiv
                0x000037e8       0x50 C:/Freescale/KSDK_1.3.0/lib/ksdk_platform_lib/kds/KL26Z4/debug/libksdk_platform.a(fsl_sim_hal_MKL26Z4.o)
                0x000037e8                CLOCK_HAL_SetOutDiv
 .text.OSC_HAL_SetCapacitor
                0x00003838       0x28 C:/Freescale/KSDK_1.3.0/lib/ksdk_platform_lib/kds/KL26Z4/debug/libksdk_platform.a(fsl_osc_hal.o)
                0x00003838                OSC_HAL_SetCapacitor
 .text.CLOCK_HAL_GetClkOutStat
                0x00003860       0x20 C:/Freescale/KSDK_1.3.0/lib/ksdk_platform_lib/kds/KL26Z4/debug/libksdk_platform.a(fsl_mcg_hal.o)
 .text.CLOCK_HAL_SetInternalRefClkMode
                0x00003880       0x24 C:/Freescale/KSDK_1.3.0/lib/ksdk_platform_lib/kds/KL26Z4/debug/libksdk_platform.a(fsl_mcg_hal.o)
 .text.CLOCK_HAL_GetInternalRefClkMode
                0x000038a4       0x20 C:/Freescale/KSDK_1.3.0/lib/ksdk_platform_lib/kds/KL26Z4/debug/libksdk_platform.a(fsl_mcg_hal.o)
 .text.CLOCK_HAL_IsPll0Locked
                0x000038c4       0x24 C:/Freescale/KSDK_1.3.0/lib/ksdk_platform_lib/kds/KL26Z4/debug/libksdk_platform.a(fsl_mcg_hal.o)
 .text.CLOCK_HAL_IsPllSelected
                0x000038e8       0x24 C:/Freescale/KSDK_1.3.0/lib/ksdk_platform_lib/kds/KL26Z4/debug/libksdk_platform.a(fsl_mcg_hal.o)
 .text.CLOCK_HAL_IsOsc0Stable
                0x0000390c       0x24 C:/Freescale/KSDK_1.3.0/lib/ksdk_platform_lib/kds/KL26Z4/debug/libksdk_platform.a(fsl_mcg_hal.o)
 .text.CLOCK_HAL_PrepareOsc
                0x00003930       0x3c C:/Freescale/KSDK_1.3.0/lib/ksdk_platform_lib/kds/KL26Z4/debug/libksdk_platform.a(fsl_mcg_hal.o)
                0x00003930                CLOCK_HAL_PrepareOsc
 .text.CLOCK_HAL_GetMcgExternalClkFreq
                0x0000396c       0x18 C:/Freescale/KSDK_1.3.0/lib/ksdk_platform_lib/kds/KL26Z4/debug/libksdk_platform.a(fsl_mcg_hal.o)
 .text.CLOCK_HAL_TestFllExternalRefFreq
                0x00003984       0x7c C:/Freescale/KSDK_1.3.0/lib/ksdk_platform_lib/kds/KL26Z4/debug/libksdk_platform.a(fsl_mcg_hal.o)
                0x00003984                CLOCK_HAL_TestFllExternalRefFreq
 .text.CLOCK_HAL_GetFllRefClk
                0x00003a00       0x8c C:/Freescale/KSDK_1.3.0/lib/ksdk_platform_lib/kds/KL26Z4/debug/libksdk_platform.a(fsl_mcg_hal.o)
                0x00003a00                CLOCK_HAL_GetFllRefClk
 .text.CLOCK_HAL_TestFllFreq
                0x00003a8c       0x6c C:/Freescale/KSDK_1.3.0/lib/ksdk_platform_lib/kds/KL26Z4/debug/libksdk_platform.a(fsl_mcg_hal.o)
                0x00003a8c                CLOCK_HAL_TestFllFreq
 .text.CLOCK_HAL_GetFllClk
                0x00003af8       0x7c C:/Freescale/KSDK_1.3.0/lib/ksdk_platform_lib/kds/KL26Z4/debug/libksdk_platform.a(fsl_mcg_hal.o)
                0x00003af8                CLOCK_HAL_GetFllClk
 .text.CLOCK_HAL_UpdateFastClkInternalRefDiv
                0x00003b74       0xb8 C:/Freescale/KSDK_1.3.0/lib/ksdk_platform_lib/kds/KL26Z4/debug/libksdk_platform.a(fsl_mcg_hal.o)
                0x00003b74                CLOCK_HAL_UpdateFastClkInternalRefDiv
 .text.CLOCK_HAL_GetPll0RefFreq
                0x00003c2c       0x1c C:/Freescale/KSDK_1.3.0/lib/ksdk_platform_lib/kds/KL26Z4/debug/libksdk_platform.a(fsl_mcg_hal.o)
                0x00003c2c                CLOCK_HAL_GetPll0RefFreq
 .text.CLOCK_HAL_GetPll0Clk
                0x00003c48       0x90 C:/Freescale/KSDK_1.3.0/lib/ksdk_platform_lib/kds/KL26Z4/debug/libksdk_platform.a(fsl_mcg_hal.o)
                0x00003c48                CLOCK_HAL_GetPll0Clk
 .text.CLOCK_HAL_EnablePll0InFllMode
                0x00003cd8       0x8c C:/Freescale/KSDK_1.3.0/lib/ksdk_platform_lib/kds/KL26Z4/debug/libksdk_platform.a(fsl_mcg_hal.o)
                0x00003cd8                CLOCK_HAL_EnablePll0InFllMode
 .text.CLOCK_HAL_GetInternalRefClk
                0x00003d64       0x64 C:/Freescale/KSDK_1.3.0/lib/ksdk_platform_lib/kds/KL26Z4/debug/libksdk_platform.a(fsl_mcg_hal.o)
                0x00003d64                CLOCK_HAL_GetInternalRefClk
 .text.CLOCK_HAL_GetOutClk
                0x00003dc8       0x7c C:/Freescale/KSDK_1.3.0/lib/ksdk_platform_lib/kds/KL26Z4/debug/libksdk_platform.a(fsl_mcg_hal.o)
                0x00003dc8                CLOCK_HAL_GetOutClk
 .text.CLOCK_HAL_SetOsc0Mode
                0x00003e44       0x68 C:/Freescale/KSDK_1.3.0/lib/ksdk_platform_lib/kds/KL26Z4/debug/libksdk_platform.a(fsl_mcg_hal.o)
                0x00003e44                CLOCK_HAL_SetOsc0Mode
 .text.CLOCK_HAL_GetClkOutStat
                0x00003eac       0x20 C:/Freescale/KSDK_1.3.0/lib/ksdk_platform_lib/kds/KL26Z4/debug/libksdk_platform.a(fsl_mcg_hal_modes.o)
 .text.CLOCK_HAL_GetFllSrc
                0x00003ecc       0x20 C:/Freescale/KSDK_1.3.0/lib/ksdk_platform_lib/kds/KL26Z4/debug/libksdk_platform.a(fsl_mcg_hal_modes.o)
 .text.CLOCK_HAL_GetInternalRefClkMode
                0x00003eec       0x20 C:/Freescale/KSDK_1.3.0/lib/ksdk_platform_lib/kds/KL26Z4/debug/libksdk_platform.a(fsl_mcg_hal_modes.o)
 .text.CLOCK_HAL_SetPll0EnableCmd
                0x00003f0c       0x28 C:/Freescale/KSDK_1.3.0/lib/ksdk_platform_lib/kds/KL26Z4/debug/libksdk_platform.a(fsl_mcg_hal_modes.o)
 .text.CLOCK_HAL_IsPll0Locked
                0x00003f34       0x24 C:/Freescale/KSDK_1.3.0/lib/ksdk_platform_lib/kds/KL26Z4/debug/libksdk_platform.a(fsl_mcg_hal_modes.o)
 .text.CLOCK_HAL_IsPllSelected
                0x00003f58       0x24 C:/Freescale/KSDK_1.3.0/lib/ksdk_platform_lib/kds/KL26Z4/debug/libksdk_platform.a(fsl_mcg_hal_modes.o)
 .text.CLOCK_HAL_IsOsc0Stable
                0x00003f7c       0x24 C:/Freescale/KSDK_1.3.0/lib/ksdk_platform_lib/kds/KL26Z4/debug/libksdk_platform.a(fsl_mcg_hal_modes.o)
 .text.CLOCK_HAL_GetMcgMode
                0x00003fa0      0x148 C:/Freescale/KSDK_1.3.0/lib/ksdk_platform_lib/kds/KL26Z4/debug/libksdk_platform.a(fsl_mcg_hal_modes.o)
                0x00003fa0                CLOCK_HAL_GetMcgMode
 .text.CLOCK_HAL_SetFeiMode
                0x000040e8       0xf8 C:/Freescale/KSDK_1.3.0/lib/ksdk_platform_lib/kds/KL26Z4/debug/libksdk_platform.a(fsl_mcg_hal_modes.o)
                0x000040e8                CLOCK_HAL_SetFeiMode
 .text.CLOCK_HAL_SetFeeMode
                0x000041e0      0x130 C:/Freescale/KSDK_1.3.0/lib/ksdk_platform_lib/kds/KL26Z4/debug/libksdk_platform.a(fsl_mcg_hal_modes.o)
                0x000041e0                CLOCK_HAL_SetFeeMode
 .text.CLOCK_HAL_SetFbiMode
                0x00004310      0x144 C:/Freescale/KSDK_1.3.0/lib/ksdk_platform_lib/kds/KL26Z4/debug/libksdk_platform.a(fsl_mcg_hal_modes.o)
                0x00004310                CLOCK_HAL_SetFbiMode
 .text.CLOCK_HAL_SetFbeMode
                0x00004454      0x164 C:/Freescale/KSDK_1.3.0/lib/ksdk_platform_lib/kds/KL26Z4/debug/libksdk_platform.a(fsl_mcg_hal_modes.o)
                0x00004454                CLOCK_HAL_SetFbeMode
 .text.CLOCK_HAL_SetBlpiMode
                0x000045b8       0x68 C:/Freescale/KSDK_1.3.0/lib/ksdk_platform_lib/kds/KL26Z4/debug/libksdk_platform.a(fsl_mcg_hal_modes.o)
                0x000045b8                CLOCK_HAL_SetBlpiMode
 .text.CLOCK_HAL_SetBlpeMode
                0x00004620       0x34 C:/Freescale/KSDK_1.3.0/lib/ksdk_platform_lib/kds/KL26Z4/debug/libksdk_platform.a(fsl_mcg_hal_modes.o)
                0x00004620                CLOCK_HAL_SetBlpeMode
 .text.CLOCK_HAL_SetPbeMode
                0x00004654      0x100 C:/Freescale/KSDK_1.3.0/lib/ksdk_platform_lib/kds/KL26Z4/debug/libksdk_platform.a(fsl_mcg_hal_modes.o)
                0x00004654                CLOCK_HAL_SetPbeMode
 .text.CLOCK_HAL_SetPeeMode
                0x00004754       0x30 C:/Freescale/KSDK_1.3.0/lib/ksdk_platform_lib/kds/KL26Z4/debug/libksdk_platform.a(fsl_mcg_hal_modes.o)
                0x00004754                CLOCK_HAL_SetPeeMode
 .text.LPTMR_HAL_SetTimerWorkingMode
                0x00004784       0x5c C:/Freescale/KSDK_1.3.0/lib/ksdk_platform_lib/kds/KL26Z4/debug/libksdk_platform.a(fsl_lptmr_hal.o)
                0x00004784                LPTMR_HAL_SetTimerWorkingMode
 .text.LPTMR_HAL_SetPrescalerMode
                0x000047e0       0x3c C:/Freescale/KSDK_1.3.0/lib/ksdk_platform_lib/kds/KL26Z4/debug/libksdk_platform.a(fsl_lptmr_hal.o)
                0x000047e0                LPTMR_HAL_SetPrescalerMode
 .text.LPTMR_HAL_GetCounterValue
                0x0000481c       0x2c C:/Freescale/KSDK_1.3.0/lib/ksdk_platform_lib/kds/KL26Z4/debug/libksdk_platform.a(fsl_lptmr_hal.o)
                0x0000481c                LPTMR_HAL_GetCounterValue
 .text.INT_SYS_EnableIRQGlobal
                0x00004848       0x2c C:/Freescale/KSDK_1.3.0/lib/ksdk_platform_lib/kds/KL26Z4/debug/libksdk_platform.a(fsl_interrupt_manager.o)
                0x00004848                INT_SYS_EnableIRQGlobal
 .text.INT_SYS_DisableIRQGlobal
                0x00004874       0x18 C:/Freescale/KSDK_1.3.0/lib/ksdk_platform_lib/kds/KL26Z4/debug/libksdk_platform.a(fsl_interrupt_manager.o)
                0x00004874                INT_SYS_DisableIRQGlobal
 .text.__assert_func
                0x0000488c       0x3c c:/freescale/kds_3.0.0/toolchain/bin/../lib/gcc/arm-none-eabi/4.8.4/../../../../arm-none-eabi/lib/armv6-m\libg_s.a(lib_a-assert.o)
                0x0000488c                __assert_func
 .text.exit     0x000048c8       0x2c c:/freescale/kds_3.0.0/toolchain/bin/../lib/gcc/arm-none-eabi/4.8.4/../../../../arm-none-eabi/lib/armv6-m\libg_s.a(lib_a-exit.o)
                0x000048c8                exit
 .text.fprintf  0x000048f4       0x24 c:/freescale/kds_3.0.0/toolchain/bin/../lib/gcc/arm-none-eabi/4.8.4/../../../../arm-none-eabi/lib/armv6-m\libg_s.a(lib_a-fprintf.o)
                0x000048f4                fiprintf
                0x000048f4                fprintf
 .text.__libc_init_array
                0x00004918       0x4c c:/freescale/kds_3.0.0/toolchain/bin/../lib/gcc/arm-none-eabi/4.8.4/../../../../arm-none-eabi/lib/armv6-m\libg_s.a(lib_a-init.o)
                0x00004918                __libc_init_array
 .text.memset   0x00004964       0x10 c:/freescale/kds_3.0.0/toolchain/bin/../lib/gcc/arm-none-eabi/4.8.4/../../../../arm-none-eabi/lib/armv6-m\libg_s.a(lib_a-memset.o)
                0x00004964                memset
 .text._free_r  0x00004974       0x90 c:/freescale/kds_3.0.0/toolchain/bin/../lib/gcc/arm-none-eabi/4.8.4/../../../../arm-none-eabi/lib/armv6-m\libg_s.a(lib_a-nano-freer.o)
                0x00004974                _free_r
 .text._malloc_r
                0x00004a04       0xa8 c:/freescale/kds_3.0.0/toolchain/bin/../lib/gcc/arm-none-eabi/4.8.4/../../../../arm-none-eabi/lib/armv6-m\libg_s.a(lib_a-nano-mallocr.o)
                0x00004a04                _malloc_r
 .text.printf   0x00004aac       0x34 c:/freescale/kds_3.0.0/toolchain/bin/../lib/gcc/arm-none-eabi/4.8.4/../../../../arm-none-eabi/lib/armv6-m\libg_s.a(lib_a-printf.o)
                0x00004aac                iprintf
                0x00004aac                printf
 .text._puts_r  0x00004ae0       0xc2 c:/freescale/kds_3.0.0/toolchain/bin/../lib/gcc/arm-none-eabi/4.8.4/../../../../arm-none-eabi/lib/armv6-m\libg_s.a(lib_a-puts.o)
                0x00004ae0                _puts_r
 *fill*         0x00004ba2        0x2 
 .text.puts     0x00004ba4       0x14 c:/freescale/kds_3.0.0/toolchain/bin/../lib/gcc/arm-none-eabi/4.8.4/../../../../arm-none-eabi/lib/armv6-m\libg_s.a(lib_a-puts.o)
                0x00004ba4                puts
 .text._sbrk_r  0x00004bb8       0x24 c:/freescale/kds_3.0.0/toolchain/bin/../lib/gcc/arm-none-eabi/4.8.4/../../../../arm-none-eabi/lib/armv6-m\libg_s.a(lib_a-sbrkr.o)
                0x00004bb8                _sbrk_r
 .text.strchr   0x00004bdc       0x18 c:/freescale/kds_3.0.0/toolchain/bin/../lib/gcc/arm-none-eabi/4.8.4/../../../../arm-none-eabi/lib/armv6-m\libg_s.a(lib_a-strchr.o)
                0x00004bdc                strchr
 .text.strlen   0x00004bf4        0xe c:/freescale/kds_3.0.0/toolchain/bin/../lib/gcc/arm-none-eabi/4.8.4/../../../../arm-none-eabi/lib/armv6-m\libg_s.a(lib_a-strlen.o)
                0x00004bf4                strlen
 .text.strstr   0x00004c02       0x32 c:/freescale/kds_3.0.0/toolchain/bin/../lib/gcc/arm-none-eabi/4.8.4/../../../../arm-none-eabi/lib/armv6-m\libg_s.a(lib_a-strstr.o)
                0x00004c02                strstr
 .text.__sfputc_r
                0x00004c34       0x2a c:/freescale/kds_3.0.0/toolchain/bin/../lib/gcc/arm-none-eabi/4.8.4/../../../../arm-none-eabi/lib/armv6-m\libg_s.a(lib_a-vfprintf.o)
 .text.__sfputs_r
                0x00004c5e       0x24 c:/freescale/kds_3.0.0/toolchain/bin/../lib/gcc/arm-none-eabi/4.8.4/../../../../arm-none-eabi/lib/armv6-m\libg_s.a(lib_a-vfprintf.o)
                0x00004c5e                __sfputs_r
 *fill*         0x00004c82        0x2 
 .text._vfprintf_r
                0x00004c84      0x210 c:/freescale/kds_3.0.0/toolchain/bin/../lib/gcc/arm-none-eabi/4.8.4/../../../../arm-none-eabi/lib/armv6-m\libg_s.a(lib_a-vfprintf.o)
                0x00004c84                _vfprintf_r
                0x00004c84                _vfiprintf_r
 .text._printf_common
                0x00004e94       0xe8 c:/freescale/kds_3.0.0/toolchain/bin/../lib/gcc/arm-none-eabi/4.8.4/../../../../arm-none-eabi/lib/armv6-m\libg_s.a(lib_a-vfprintf_i.o)
                0x00004e94                _printf_common
 .text._printf_i
                0x00004f7c      0x22c c:/freescale/kds_3.0.0/toolchain/bin/../lib/gcc/arm-none-eabi/4.8.4/../../../../arm-none-eabi/lib/armv6-m\libg_s.a(lib_a-vfprintf_i.o)
                0x00004f7c                _printf_i
 .text.__swbuf_r
                0x000051a8       0xb0 c:/freescale/kds_3.0.0/toolchain/bin/../lib/gcc/arm-none-eabi/4.8.4/../../../../arm-none-eabi/lib/armv6-m\libg_s.a(lib_a-wbuf.o)
                0x000051a8                __swbuf_r
 .text.__swsetup_r
                0x00005258       0xe4 c:/freescale/kds_3.0.0/toolchain/bin/../lib/gcc/arm-none-eabi/4.8.4/../../../../arm-none-eabi/lib/armv6-m\libg_s.a(lib_a-wsetup.o)
                0x00005258                __swsetup_r
 .text.abort    0x0000533c        0xe c:/freescale/kds_3.0.0/toolchain/bin/../lib/gcc/arm-none-eabi/4.8.4/../../../../arm-none-eabi/lib/armv6-m\libg_s.a(lib_a-abort.o)
                0x0000533c                abort
 .text.__sflush_r
                0x0000534a      0x112 c:/freescale/kds_3.0.0/toolchain/bin/../lib/gcc/arm-none-eabi/4.8.4/../../../../arm-none-eabi/lib/armv6-m\libg_s.a(lib_a-fflush.o)
                0x0000534a                __sflush_r
 .text._fflush_r
                0x0000545c       0x58 c:/freescale/kds_3.0.0/toolchain/bin/../lib/gcc/arm-none-eabi/4.8.4/../../../../arm-none-eabi/lib/armv6-m\libg_s.a(lib_a-fflush.o)
                0x0000545c                _fflush_r
 .text._cleanup_r
                0x000054b4       0x34 c:/freescale/kds_3.0.0/toolchain/bin/../lib/gcc/arm-none-eabi/4.8.4/../../../../arm-none-eabi/lib/armv6-m\libg_s.a(lib_a-findfp.o)
                0x000054b4                _cleanup_r
 .text.std.isra.0
                0x000054e8       0x48 c:/freescale/kds_3.0.0/toolchain/bin/../lib/gcc/arm-none-eabi/4.8.4/../../../../arm-none-eabi/lib/armv6-m\libg_s.a(lib_a-findfp.o)
 .text.__sfmoreglue
                0x00005530       0x2c c:/freescale/kds_3.0.0/toolchain/bin/../lib/gcc/arm-none-eabi/4.8.4/../../../../arm-none-eabi/lib/armv6-m\libg_s.a(lib_a-findfp.o)
                0x00005530                __sfmoreglue
 .text.__sinit  0x0000555c       0x64 c:/freescale/kds_3.0.0/toolchain/bin/../lib/gcc/arm-none-eabi/4.8.4/../../../../arm-none-eabi/lib/armv6-m\libg_s.a(lib_a-findfp.o)
                0x0000555c                __sinit
 .text.__sfp    0x000055c0       0x7c c:/freescale/kds_3.0.0/toolchain/bin/../lib/gcc/arm-none-eabi/4.8.4/../../../../arm-none-eabi/lib/armv6-m\libg_s.a(lib_a-findfp.o)
                0x000055c0                __sfp
 .text.__smakebuf_r
                0x0000563c       0xa0 c:/freescale/kds_3.0.0/toolchain/bin/../lib/gcc/arm-none-eabi/4.8.4/../../../../arm-none-eabi/lib/armv6-m\libg_s.a(lib_a-makebuf.o)
                0x0000563c                __smakebuf_r
 .text.memchr   0x000056dc       0x16 c:/freescale/kds_3.0.0/toolchain/bin/../lib/gcc/arm-none-eabi/4.8.4/../../../../arm-none-eabi/lib/armv6-m\libg_s.a(lib_a-memchr-stub.o)
                0x000056dc                memchr
 .text._raise_r
                0x000056f2       0x56 c:/freescale/kds_3.0.0/toolchain/bin/../lib/gcc/arm-none-eabi/4.8.4/../../../../arm-none-eabi/lib/armv6-m\libg_s.a(lib_a-signal.o)
                0x000056f2                _raise_r
 .text.raise    0x00005748       0x14 c:/freescale/kds_3.0.0/toolchain/bin/../lib/gcc/arm-none-eabi/4.8.4/../../../../arm-none-eabi/lib/armv6-m\libg_s.a(lib_a-signal.o)
                0x00005748                raise
 .text._kill_r  0x0000575c       0x24 c:/freescale/kds_3.0.0/toolchain/bin/../lib/gcc/arm-none-eabi/4.8.4/../../../../arm-none-eabi/lib/armv6-m\libg_s.a(lib_a-signalr.o)
                0x0000575c                _kill_r
 .text._getpid_r
                0x00005780        0x8 c:/freescale/kds_3.0.0/toolchain/bin/../lib/gcc/arm-none-eabi/4.8.4/../../../../arm-none-eabi/lib/armv6-m\libg_s.a(lib_a-signalr.o)
                0x00005780                _getpid_r
 .text.__sread  0x00005788       0x28 c:/freescale/kds_3.0.0/toolchain/bin/../lib/gcc/arm-none-eabi/4.8.4/../../../../arm-none-eabi/lib/armv6-m\libg_s.a(lib_a-stdio.o)
                0x00005788                __sread
 .text.__swrite
                0x000057b0       0x38 c:/freescale/kds_3.0.0/toolchain/bin/../lib/gcc/arm-none-eabi/4.8.4/../../../../arm-none-eabi/lib/armv6-m\libg_s.a(lib_a-stdio.o)
                0x000057b0                __swrite
 .text.__sseek  0x000057e8       0x2c c:/freescale/kds_3.0.0/toolchain/bin/../lib/gcc/arm-none-eabi/4.8.4/../../../../arm-none-eabi/lib/armv6-m\libg_s.a(lib_a-stdio.o)
                0x000057e8                __sseek
 .text.__sclose
                0x00005814        0xc c:/freescale/kds_3.0.0/toolchain/bin/../lib/gcc/arm-none-eabi/4.8.4/../../../../arm-none-eabi/lib/armv6-m\libg_s.a(lib_a-stdio.o)
                0x00005814                __sclose
 .text._write_r
                0x00005820       0x28 c:/freescale/kds_3.0.0/toolchain/bin/../lib/gcc/arm-none-eabi/4.8.4/../../../../arm-none-eabi/lib/armv6-m\libg_s.a(lib_a-writer.o)
                0x00005820                _write_r
 .text._close_r
                0x00005848       0x24 c:/freescale/kds_3.0.0/toolchain/bin/../lib/gcc/arm-none-eabi/4.8.4/../../../../arm-none-eabi/lib/armv6-m\libg_s.a(lib_a-closer.o)
                0x00005848                _close_r
 .text._fstat_r
                0x0000586c       0x24 c:/freescale/kds_3.0.0/toolchain/bin/../lib/gcc/arm-none-eabi/4.8.4/../../../../arm-none-eabi/lib/armv6-m\libg_s.a(lib_a-fstatr.o)
                0x0000586c                _fstat_r
 .text._isatty_r
                0x00005890       0x24 c:/freescale/kds_3.0.0/toolchain/bin/../lib/gcc/arm-none-eabi/4.8.4/../../../../arm-none-eabi/lib/armv6-m\libg_s.a(lib_a-isattyr.o)
                0x00005890                _isatty_r
 .text._lseek_r
                0x000058b4       0x28 c:/freescale/kds_3.0.0/toolchain/bin/../lib/gcc/arm-none-eabi/4.8.4/../../../../arm-none-eabi/lib/armv6-m\libg_s.a(lib_a-lseekr.o)
                0x000058b4                _lseek_r
 .text._read_r  0x000058dc       0x28 c:/freescale/kds_3.0.0/toolchain/bin/../lib/gcc/arm-none-eabi/4.8.4/../../../../arm-none-eabi/lib/armv6-m\libg_s.a(lib_a-readr.o)
                0x000058dc                _read_r
 .text._close   0x00005904       0x10 c:/freescale/kds_3.0.0/toolchain/bin/../lib/gcc/arm-none-eabi/4.8.4/../../../../arm-none-eabi/lib/armv6-m\libnosys.a(close.o)
                0x00005904                _close
 .text._fstat   0x00005914       0x10 c:/freescale/kds_3.0.0/toolchain/bin/../lib/gcc/arm-none-eabi/4.8.4/../../../../arm-none-eabi/lib/armv6-m\libnosys.a(fstat.o)
                0x00005914                _fstat
 .text._getpid  0x00005924       0x10 c:/freescale/kds_3.0.0/toolchain/bin/../lib/gcc/arm-none-eabi/4.8.4/../../../../arm-none-eabi/lib/armv6-m\libnosys.a(getpid.o)
                0x00005924                _getpid
 .text._isatty  0x00005934       0x10 c:/freescale/kds_3.0.0/toolchain/bin/../lib/gcc/arm-none-eabi/4.8.4/../../../../arm-none-eabi/lib/armv6-m\libnosys.a(isatty.o)
                0x00005934                _isatty
 .text._kill    0x00005944       0x10 c:/freescale/kds_3.0.0/toolchain/bin/../lib/gcc/arm-none-eabi/4.8.4/../../../../arm-none-eabi/lib/armv6-m\libnosys.a(kill.o)
                0x00005944                _kill
 .text._lseek   0x00005954       0x10 c:/freescale/kds_3.0.0/toolchain/bin/../lib/gcc/arm-none-eabi/4.8.4/../../../../arm-none-eabi/lib/armv6-m\libnosys.a(lseek.o)
                0x00005954                _lseek
 .text._sbrk    0x00005964       0x34 c:/freescale/kds_3.0.0/toolchain/bin/../lib/gcc/arm-none-eabi/4.8.4/../../../../arm-none-eabi/lib/armv6-m\libnosys.a(sbrk.o)
                0x00005964                _sbrk
 .text._exit    0x00005998        0x4 c:/freescale/kds_3.0.0/toolchain/bin/../lib/gcc/arm-none-eabi/4.8.4/../../../../arm-none-eabi/lib/armv6-m\libnosys.a(_exit.o)
                0x00005998                _exit
 *(.rodata)
 .rodata        0x0000599c        0xc ./Utilities/fsl_debug_console.o
 .rodata        0x000059a8      0x13c ./Sources/UART1_Half_Duplex.o
 .rodata        0x00005ae4       0x44 ./Board/board.o
 .rodata        0x00005b28       0x44 ./Board/pin_mux.o
 .rodata        0x00005b6c      0x124 C:/Freescale/KSDK_1.3.0/lib/ksdk_platform_lib/kds/KL26Z4/debug/libksdk_platform.a(fsl_uart_driver.o)
 .rodata        0x00005c90      0x22c C:/Freescale/KSDK_1.3.0/lib/ksdk_platform_lib/kds/KL26Z4/debug/libksdk_platform.a(fsl_clock_MKL26Z4.o)
 .rodata        0x00005ebc       0xcc C:/Freescale/KSDK_1.3.0/lib/ksdk_platform_lib/kds/KL26Z4/debug/libksdk_platform.a(fsl_clock_manager.o)
 .rodata        0x00005f88       0x78 C:/Freescale/KSDK_1.3.0/lib/ksdk_platform_lib/kds/KL26Z4/debug/libksdk_platform.a(fsl_os_abstraction_bm.o)
 *(.rodata*)
 .rodata._doprint
                0x00006000       0xc8 ./Utilities/print_scan.o
 .rodata.g_defaultClockConfigRun
                0x000060c8       0x14 ./Board/board.o
                0x000060c8                g_defaultClockConfigRun
 .rodata.__func__.5149
                0x000060dc       0x14 ./Board/board.o
 .rodata.__func__.5125
                0x000060f0       0x14 ./Board/pin_mux.o
 .rodata.__func__.6928
                0x00006104       0x10 C:/Freescale/KSDK_1.3.0/lib/ksdk_platform_lib/kds/KL26Z4/debug/libksdk_platform.a(fsl_uart_driver.o)
 .rodata.__func__.6901
                0x00006114       0x14 C:/Freescale/KSDK_1.3.0/lib/ksdk_platform_lib/kds/KL26Z4/debug/libksdk_platform.a(fsl_uart_driver.o)
 .rodata.__func__.6966
                0x00006128       0x1c C:/Freescale/KSDK_1.3.0/lib/ksdk_platform_lib/kds/KL26Z4/debug/libksdk_platform.a(fsl_uart_driver.o)
 .rodata.__func__.7000
                0x00006144       0x20 C:/Freescale/KSDK_1.3.0/lib/ksdk_platform_lib/kds/KL26Z4/debug/libksdk_platform.a(fsl_uart_driver.o)
 .rodata.__func__.7040
                0x00006164       0x1c C:/Freescale/KSDK_1.3.0/lib/ksdk_platform_lib/kds/KL26Z4/debug/libksdk_platform.a(fsl_uart_driver.o)
 .rodata.__func__.7048
                0x00006180       0x18 C:/Freescale/KSDK_1.3.0/lib/ksdk_platform_lib/kds/KL26Z4/debug/libksdk_platform.a(fsl_uart_driver.o)
 .rodata.__func__.7054
                0x00006198       0x20 C:/Freescale/KSDK_1.3.0/lib/ksdk_platform_lib/kds/KL26Z4/debug/libksdk_platform.a(fsl_uart_driver.o)
 .rodata.__func__.7062
                0x000061b8       0x1c C:/Freescale/KSDK_1.3.0/lib/ksdk_platform_lib/kds/KL26Z4/debug/libksdk_platform.a(fsl_uart_driver.o)
 .rodata.portGateTable
                0x000061d4        0x8 C:/Freescale/KSDK_1.3.0/lib/ksdk_platform_lib/kds/KL26Z4/debug/libksdk_platform.a(fsl_clock_MKL26Z4.o)
 .rodata.uartGateTable
                0x000061dc        0x4 C:/Freescale/KSDK_1.3.0/lib/ksdk_platform_lib/kds/KL26Z4/debug/libksdk_platform.a(fsl_clock_MKL26Z4.o)
 .rodata.__func__.6218
                0x000061e0       0x1c C:/Freescale/KSDK_1.3.0/lib/ksdk_platform_lib/kds/KL26Z4/debug/libksdk_platform.a(fsl_clock_MKL26Z4.o)
 .rodata.__func__.6364
                0x000061fc       0x1c C:/Freescale/KSDK_1.3.0/lib/ksdk_platform_lib/kds/KL26Z4/debug/libksdk_platform.a(fsl_clock_MKL26Z4.o)
 .rodata.__func__.6437
                0x00006218       0x1c C:/Freescale/KSDK_1.3.0/lib/ksdk_platform_lib/kds/KL26Z4/debug/libksdk_platform.a(fsl_clock_MKL26Z4.o)
 .rodata.__func__.6442
                0x00006234       0x1c C:/Freescale/KSDK_1.3.0/lib/ksdk_platform_lib/kds/KL26Z4/debug/libksdk_platform.a(fsl_clock_MKL26Z4.o)
 .rodata.mcgModeMatrix
                0x00006250       0x40 C:/Freescale/KSDK_1.3.0/lib/ksdk_platform_lib/kds/KL26Z4/debug/libksdk_platform.a(fsl_clock_manager.o)
 .rodata.CLOCK_SYS_SetMcgMode
                0x00006290       0x20 C:/Freescale/KSDK_1.3.0/lib/ksdk_platform_lib/kds/KL26Z4/debug/libksdk_platform.a(fsl_clock_manager.o)
 .rodata.__func__.6632
                0x000062b0       0x18 C:/Freescale/KSDK_1.3.0/lib/ksdk_platform_lib/kds/KL26Z4/debug/libksdk_platform.a(fsl_clock_manager.o)
 .rodata.__func__.6665
                0x000062c8       0x14 C:/Freescale/KSDK_1.3.0/lib/ksdk_platform_lib/kds/KL26Z4/debug/libksdk_platform.a(fsl_clock_manager.o)
 .rodata.__func__.6682
                0x000062dc       0x18 C:/Freescale/KSDK_1.3.0/lib/ksdk_platform_lib/kds/KL26Z4/debug/libksdk_platform.a(fsl_clock_manager.o)
 .rodata.g_oscBase
                0x000062f4        0x4 C:/Freescale/KSDK_1.3.0/lib/ksdk_platform_lib/kds/KL26Z4/debug/libksdk_platform.a(fsl_clock_manager_common.o)
                0x000062f4                g_oscBase
 .rodata.__func__.6507
                0x000062f8       0x10 C:/Freescale/KSDK_1.3.0/lib/ksdk_platform_lib/kds/KL26Z4/debug/libksdk_platform.a(fsl_os_abstraction_bm.o)
 .rodata.__func__.6513
                0x00006308       0x10 C:/Freescale/KSDK_1.3.0/lib/ksdk_platform_lib/kds/KL26Z4/debug/libksdk_platform.a(fsl_os_abstraction_bm.o)
 .rodata.__func__.6517
                0x00006318       0x10 C:/Freescale/KSDK_1.3.0/lib/ksdk_platform_lib/kds/KL26Z4/debug/libksdk_platform.a(fsl_os_abstraction_bm.o)
 .rodata.g_uartBase
                0x00006328        0xc C:/Freescale/KSDK_1.3.0/lib/ksdk_platform_lib/kds/KL26Z4/debug/libksdk_platform.a(fsl_uart_common.o)
                0x00006328                g_uartBase
 .rodata.fllFactorTable.5239
                0x00006334       0x10 C:/Freescale/KSDK_1.3.0/lib/ksdk_platform_lib/kds/KL26Z4/debug/libksdk_platform.a(fsl_mcg_hal.o)
 .rodata.str1.1
                0x00006344       0x3c c:/freescale/kds_3.0.0/toolchain/bin/../lib/gcc/arm-none-eabi/4.8.4/../../../../arm-none-eabi/lib/armv6-m\libg_s.a(lib_a-assert.o)
                                 0x3d (size before relaxing)
 .rodata.str1.1
                0x00006380        0x2 c:/freescale/kds_3.0.0/toolchain/bin/../lib/gcc/arm-none-eabi/4.8.4/../../../../arm-none-eabi/lib/armv6-m\libg_s.a(lib_a-impure.o)
 *fill*         0x00006382        0x2 
 .rodata._global_impure_ptr
                0x00006384        0x4 c:/freescale/kds_3.0.0/toolchain/bin/../lib/gcc/arm-none-eabi/4.8.4/../../../../arm-none-eabi/lib/armv6-m\libg_s.a(lib_a-impure.o)
                0x00006384                _global_impure_ptr
 .rodata.str1.1
                0x00006388       0x11 c:/freescale/kds_3.0.0/toolchain/bin/../lib/gcc/arm-none-eabi/4.8.4/../../../../arm-none-eabi/lib/armv6-m\libg_s.a(lib_a-vfprintf.o)
 .rodata.str1.1
                0x00006399       0x22 c:/freescale/kds_3.0.0/toolchain/bin/../lib/gcc/arm-none-eabi/4.8.4/../../../../arm-none-eabi/lib/armv6-m\libg_s.a(lib_a-vfprintf_i.o)
 *fill*         0x000063bb        0x1 
 .rodata.__sf_fake_stdin
                0x000063bc       0x20 c:/freescale/kds_3.0.0/toolchain/bin/../lib/gcc/arm-none-eabi/4.8.4/../../../../arm-none-eabi/lib/armv6-m\libg_s.a(lib_a-findfp.o)
                0x000063bc                __sf_fake_stdin
 .rodata.__sf_fake_stdout
                0x000063dc       0x20 c:/freescale/kds_3.0.0/toolchain/bin/../lib/gcc/arm-none-eabi/4.8.4/../../../../arm-none-eabi/lib/armv6-m\libg_s.a(lib_a-findfp.o)
                0x000063dc                __sf_fake_stdout
 .rodata.__sf_fake_stderr
                0x000063fc       0x20 c:/freescale/kds_3.0.0/toolchain/bin/../lib/gcc/arm-none-eabi/4.8.4/../../../../arm-none-eabi/lib/armv6-m\libg_s.a(lib_a-findfp.o)
                0x000063fc                __sf_fake_stderr
 *(.glue_7)
 .glue_7        0x00000000        0x0 linker stubs
 *(.glue_7t)
 .glue_7t       0x00000000        0x0 linker stubs
 *(.eh_frame)
 .eh_frame      0x0000641c        0x0 c:/freescale/kds_3.0.0/toolchain/bin/../lib/gcc/arm-none-eabi/4.8.4/armv6-m/crtbegin.o
 *(.init)
 .init          0x0000641c        0x4 c:/freescale/kds_3.0.0/toolchain/bin/../lib/gcc/arm-none-eabi/4.8.4/armv6-m/crti.o
                0x0000641c                _init
 .init          0x00006420        0x8 c:/freescale/kds_3.0.0/toolchain/bin/../lib/gcc/arm-none-eabi/4.8.4/armv6-m/crtn.o
 *(.fini)
 .fini          0x00006428        0x4 c:/freescale/kds_3.0.0/toolchain/bin/../lib/gcc/arm-none-eabi/4.8.4/armv6-m/crti.o
                0x00006428                _fini
 .fini          0x0000642c        0x8 c:/freescale/kds_3.0.0/toolchain/bin/../lib/gcc/arm-none-eabi/4.8.4/armv6-m/crtn.o
                0x00006434                . = ALIGN (0x4)

.vfp11_veneer   0x00006434        0x0
 .vfp11_veneer  0x00000000        0x0 linker stubs

.v4_bx          0x00006434        0x0
 .v4_bx         0x00000000        0x0 linker stubs

.iplt           0x00006434        0x0
 .iplt          0x00000000        0x0 c:/freescale/kds_3.0.0/toolchain/bin/../lib/gcc/arm-none-eabi/4.8.4/armv6-m/crtbegin.o

.ARM.extab
 *(.ARM.extab* .gnu.linkonce.armextab.*)

.ARM            0x00006434        0x8
                0x00006434                __exidx_start = .
 *(.ARM.exidx*)
 .ARM.exidx     0x00006434        0x8 c:/freescale/kds_3.0.0/toolchain/bin/../lib/gcc/arm-none-eabi/4.8.4/../../../../arm-none-eabi/lib/armv6-m/crt0.o
                0x0000643c                __exidx_end = .

.rel.dyn        0x0000643c        0x0
 .rel.iplt      0x00000000        0x0 c:/freescale/kds_3.0.0/toolchain/bin/../lib/gcc/arm-none-eabi/4.8.4/armv6-m/crtbegin.o

.ctors          0x0000643c        0x0
                0x0000643c                __CTOR_LIST__ = .
 *crtbegin.o(.ctors)
 *crtbegin?.o(.ctors)
 *(EXCLUDE_FILE(*crtend.o *crtend?.o) .ctors)
 *(SORT(.ctors.*))
 *(.ctors)
                0x0000643c                __CTOR_END__ = .

.dtors          0x0000643c        0x0
                0x0000643c                __DTOR_LIST__ = .
 *crtbegin.o(.dtors)
 *crtbegin?.o(.dtors)
 *(EXCLUDE_FILE(*crtend.o *crtend?.o) .dtors)
 *(SORT(.dtors.*))
 *(.dtors)
                0x0000643c                __DTOR_END__ = .

.preinit_array  0x0000643c        0x0
                0x0000643c                PROVIDE (__preinit_array_start, .)
 *(.preinit_array*)
                0x0000643c                PROVIDE (__preinit_array_end, .)

.init_array     0x0000643c        0x4
                0x0000643c                PROVIDE (__init_array_start, .)
 *(SORT(.init_array.*))
 *(.init_array*)
 .init_array    0x0000643c        0x4 c:/freescale/kds_3.0.0/toolchain/bin/../lib/gcc/arm-none-eabi/4.8.4/armv6-m/crtbegin.o
                0x00006440                PROVIDE (__init_array_end, .)

.fini_array     0x00006440        0x4
                0x00006440                PROVIDE (__fini_array_start, .)
 *(SORT(.fini_array.*))
 *(.fini_array*)
 .fini_array    0x00006440        0x4 c:/freescale/kds_3.0.0/toolchain/bin/../lib/gcc/arm-none-eabi/4.8.4/armv6-m/crtbegin.o
                0x00006444                PROVIDE (__fini_array_end, .)
                0x00006444                __etext = .
                0x00006444                __DATA_ROM = .

.mtb            0x1ffff000        0x0
                0x1ffff000                . = ALIGN (0x8)
                0x1ffff000                _mtb_start = .
 *(.mtb_buf)
                0x1ffff000                . = ALIGN (0x8)
                0x1ffff000                _mtb_end = .

.interrupts_ram
                0x1ffff000        0x0
                0x1ffff000                . = ALIGN (0x4)
                0x1ffff000                __VECTOR_RAM__ = .
                0x1ffff000                __interrupts_ram_start__ = .
 *(.m_interrupts_ram)
                0x1ffff000                . = (. + M_VECTOR_RAM_SIZE)
                0x1ffff000                . = ALIGN (0x4)
                0x1ffff000                __interrupts_ram_end__ = .
                0x00000000                __VECTOR_RAM = DEFINED (__ram_vector_table__)?__VECTOR_RAM__:ORIGIN (m_interrupts)
                0x00000000                __RAM_VECTOR_TABLE_SIZE_BYTES = DEFINED (__ram_vector_table__)?(__interrupts_ram_end__ - __interrupts_ram_start__):0x0

.data           0x1ffff000       0x7c load address 0x00006444
                0x1ffff000                . = ALIGN (0x4)
                0x1ffff000                __DATA_RAM = .
                0x1ffff000                __data_start__ = .
 *(.data)
 *(.data*)
 .data.result   0x1ffff000        0x4 ./Sources/UART1_Half_Duplex.o
                0x1ffff000                result
 .data.SystemCoreClock
                0x1ffff004        0x4 ./Project_Settings/Startup_Code/system_MKL26Z4.o
                0x1ffff004                SystemCoreClock
 .data.g_uartRxTxIrqId
                0x1ffff008        0x4 C:/Freescale/KSDK_1.3.0/lib/ksdk_platform_lib/kds/KL26Z4/debug/libksdk_platform.a(fsl_uart_common.o)
                0x1ffff008                g_uartRxTxIrqId
 .data.g_fastInternalRefClkFreq
                0x1ffff00c        0x4 C:/Freescale/KSDK_1.3.0/lib/ksdk_platform_lib/kds/KL26Z4/debug/libksdk_platform.a(fsl_mcg_hal.o)
                0x1ffff00c                g_fastInternalRefClkFreq
 .data.g_slowInternalRefClkFreq
                0x1ffff010        0x4 C:/Freescale/KSDK_1.3.0/lib/ksdk_platform_lib/kds/KL26Z4/debug/libksdk_platform.a(fsl_mcg_hal.o)
                0x1ffff010                g_slowInternalRefClkFreq
 .data.impure_data
                0x1ffff014       0x60 c:/freescale/kds_3.0.0/toolchain/bin/../lib/gcc/arm-none-eabi/4.8.4/../../../../arm-none-eabi/lib/armv6-m\libg_s.a(lib_a-impure.o)
 .data._impure_ptr
                0x1ffff074        0x4 c:/freescale/kds_3.0.0/toolchain/bin/../lib/gcc/arm-none-eabi/4.8.4/../../../../arm-none-eabi/lib/armv6-m\libg_s.a(lib_a-impure.o)
                0x1ffff074                _impure_ptr
 *(.jcr*)
 .jcr           0x1ffff078        0x0 c:/freescale/kds_3.0.0/toolchain/bin/../lib/gcc/arm-none-eabi/4.8.4/armv6-m/crtbegin.o
 .jcr           0x1ffff078        0x4 c:/freescale/kds_3.0.0/toolchain/bin/../lib/gcc/arm-none-eabi/4.8.4/armv6-m/crtend.o
                0x1ffff07c                . = ALIGN (0x4)
                0x1ffff07c                __data_end__ = .
                0x000064c0                __DATA_END = (__DATA_ROM + (__data_end__ - __data_start__))

.igot.plt       0x1ffff07c        0x0 load address 0x000064c0
 .igot.plt      0x00000000        0x0 c:/freescale/kds_3.0.0/toolchain/bin/../lib/gcc/arm-none-eabi/4.8.4/armv6-m/crtbegin.o

.bss            0x1ffff07c       0xc0 load address 0x000064c0
                0x1ffff07c                . = ALIGN (0x4)
                0x1ffff07c                __START_BSS = .
                0x1ffff07c                __bss_start__ = .
 *(.bss)
 .bss           0x1ffff07c       0x1c c:/freescale/kds_3.0.0/toolchain/bin/../lib/gcc/arm-none-eabi/4.8.4/armv6-m/crtbegin.o
 *(.bss*)
 .bss.s_debugConsole
                0x1ffff098       0x10 ./Utilities/fsl_debug_console.o
 .bss.g_taskControlBlockPool
                0x1ffff0a8       0x50 C:/Freescale/KSDK_1.3.0/lib/ksdk_platform_lib/kds/KL26Z4/debug/libksdk_platform.a(fsl_os_abstraction_bm.o)
 .bss.g_freeTaskControlBlock
                0x1ffff0f8        0x4 C:/Freescale/KSDK_1.3.0/lib/ksdk_platform_lib/kds/KL26Z4/debug/libksdk_platform.a(fsl_os_abstraction_bm.o)
 .bss.g_taskListHead
                0x1ffff0fc       0x10 C:/Freescale/KSDK_1.3.0/lib/ksdk_platform_lib/kds/KL26Z4/debug/libksdk_platform.a(fsl_os_abstraction_bm.o)
 .bss.g_uartStatePtr
                0x1ffff10c        0xc C:/Freescale/KSDK_1.3.0/lib/ksdk_platform_lib/kds/KL26Z4/debug/libksdk_platform.a(fsl_uart_common.o)
                0x1ffff10c                g_uartStatePtr
 .bss.g_xtal0ClkFreq
                0x1ffff118        0x4 C:/Freescale/KSDK_1.3.0/lib/ksdk_platform_lib/kds/KL26Z4/debug/libksdk_platform.a(fsl_mcg_hal.o)
                0x1ffff118                g_xtal0ClkFreq
 .bss.g_xtalRtcClkFreq
                0x1ffff11c        0x4 C:/Freescale/KSDK_1.3.0/lib/ksdk_platform_lib/kds/KL26Z4/debug/libksdk_platform.a(fsl_mcg_hal.o)
                0x1ffff11c                g_xtalRtcClkFreq
 .bss.g_interruptDisableCount
                0x1ffff120        0x4 C:/Freescale/KSDK_1.3.0/lib/ksdk_platform_lib/kds/KL26Z4/debug/libksdk_platform.a(fsl_interrupt_manager.o)
                0x1ffff120                g_interruptDisableCount
 .bss.__malloc_sbrk_start
                0x1ffff124        0x4 c:/freescale/kds_3.0.0/toolchain/bin/../lib/gcc/arm-none-eabi/4.8.4/../../../../arm-none-eabi/lib/armv6-m\libg_s.a(lib_a-nano-mallocr.o)
                0x1ffff124                __malloc_sbrk_start
 .bss.__malloc_free_list
                0x1ffff128        0x4 c:/freescale/kds_3.0.0/toolchain/bin/../lib/gcc/arm-none-eabi/4.8.4/../../../../arm-none-eabi/lib/armv6-m\libg_s.a(lib_a-nano-mallocr.o)
                0x1ffff128                __malloc_free_list
 .bss.heap_end.4246
                0x1ffff12c        0x4 c:/freescale/kds_3.0.0/toolchain/bin/../lib/gcc/arm-none-eabi/4.8.4/../../../../arm-none-eabi/lib/armv6-m\libnosys.a(sbrk.o)
 *(COMMON)
 COMMON         0x1ffff130        0x6 ./Sources/UART1_Half_Duplex.o
                0x1ffff130                wait_time
                0x1ffff134                ch
                0x1ffff135                returnValue
 *fill*         0x1ffff136        0x2 
 COMMON         0x1ffff138        0x4 c:/freescale/kds_3.0.0/toolchain/bin/../lib/gcc/arm-none-eabi/4.8.4/../../../../arm-none-eabi/lib/armv6-m\libg_s.a(lib_a-reent.o)
                0x1ffff138                errno
                0x1ffff13c                . = ALIGN (0x4)
                0x1ffff13c                __bss_end__ = .
                0x1ffff13c                __END_BSS = .

.heap           0x1ffff13c      0x404 load address 0x00006580
                0x1ffff140                . = ALIGN (0x8)
 *fill*         0x1ffff13c        0x4 
                0x1ffff140                __end__ = .
                0x1ffff140                PROVIDE (end, .)
                0x1ffff140                __HeapBase = .
                0x1ffff540                . = (. + HEAP_SIZE)
 *fill*         0x1ffff140      0x400 
                0x1ffff540                __HeapLimit = .

.stack          0x1ffff540      0x400 load address 0x00006984
                0x1ffff540                . = ALIGN (0x8)
                0x1ffff940                . = (. + STACK_SIZE)
 *fill*         0x1ffff540      0x400 
                0x20003000                __StackTop = (ORIGIN (m_data) + 0x4000)
                0x20002c00                __StackLimit = (__StackTop - STACK_SIZE)
                0x20003000                PROVIDE (__stack, __StackTop)

.ARM.attributes
                0x00000000       0x28
 *(.ARM.attributes)
 .ARM.attributes
                0x00000000       0x1e c:/freescale/kds_3.0.0/toolchain/bin/../lib/gcc/arm-none-eabi/4.8.4/armv6-m/crti.o
 .ARM.attributes
                0x0000001e       0x2c c:/freescale/kds_3.0.0/toolchain/bin/../lib/gcc/arm-none-eabi/4.8.4/armv6-m/crtbegin.o
 .ARM.attributes
                0x0000004a       0x1b c:/freescale/kds_3.0.0/toolchain/bin/../lib/gcc/arm-none-eabi/4.8.4/../../../../arm-none-eabi/lib/armv6-m/crt0.o
 .ARM.attributes
                0x00000065       0x32 ./Utilities/fsl_debug_console.o
 .ARM.attributes
                0x00000097       0x32 ./Utilities/print_scan.o
 .ARM.attributes
                0x000000c9       0x32 ./Sources/UART1_Half_Duplex.o
 .ARM.attributes
                0x000000fb       0x32 ./Project_Settings/Startup_Code/startup.o
 .ARM.attributes
                0x0000012d       0x1b ./Project_Settings/Startup_Code/startup_MKL26Z4.o
 .ARM.attributes
                0x00000148       0x32 ./Project_Settings/Startup_Code/system_MKL26Z4.o
 .ARM.attributes
                0x0000017a       0x32 ./Board/board.o
 .ARM.attributes
                0x000001ac       0x32 ./Board/hardware_init.o
 .ARM.attributes
                0x000001de       0x32 ./Board/pin_mux.o
 .ARM.attributes
                0x00000210       0x32 C:/Freescale/KSDK_1.3.0/lib/ksdk_platform_lib/kds/KL26Z4/debug/libksdk_platform.a(fsl_uart_hal.o)
 .ARM.attributes
                0x00000242       0x32 C:/Freescale/KSDK_1.3.0/lib/ksdk_platform_lib/kds/KL26Z4/debug/libksdk_platform.a(fsl_uart_driver.o)
 .ARM.attributes
                0x00000274       0x32 C:/Freescale/KSDK_1.3.0/lib/ksdk_platform_lib/kds/KL26Z4/debug/libksdk_platform.a(fsl_lpsci_hal.o)
 .ARM.attributes
                0x000002a6       0x32 C:/Freescale/KSDK_1.3.0/lib/ksdk_platform_lib/kds/KL26Z4/debug/libksdk_platform.a(fsl_clock_MKL26Z4.o)
 .ARM.attributes
                0x000002d8       0x32 C:/Freescale/KSDK_1.3.0/lib/ksdk_platform_lib/kds/KL26Z4/debug/libksdk_platform.a(fsl_clock_manager.o)
 .ARM.attributes
                0x0000030a       0x32 C:/Freescale/KSDK_1.3.0/lib/ksdk_platform_lib/kds/KL26Z4/debug/libksdk_platform.a(fsl_clock_manager_common.o)
 .ARM.attributes
                0x0000033c       0x32 C:/Freescale/KSDK_1.3.0/lib/ksdk_platform_lib/kds/KL26Z4/debug/libksdk_platform.a(fsl_os_abstraction_bm.o)
 .ARM.attributes
                0x0000036e       0x32 C:/Freescale/KSDK_1.3.0/lib/ksdk_platform_lib/kds/KL26Z4/debug/libksdk_platform.a(fsl_uart_common.o)
 .ARM.attributes
                0x000003a0       0x32 C:/Freescale/KSDK_1.3.0/lib/ksdk_platform_lib/kds/KL26Z4/debug/libksdk_platform.a(fsl_sim_hal_MKL26Z4.o)
 .ARM.attributes
                0x000003d2       0x32 C:/Freescale/KSDK_1.3.0/lib/ksdk_platform_lib/kds/KL26Z4/debug/libksdk_platform.a(fsl_osc_hal.o)
 .ARM.attributes
                0x00000404       0x32 C:/Freescale/KSDK_1.3.0/lib/ksdk_platform_lib/kds/KL26Z4/debug/libksdk_platform.a(fsl_mcg_hal.o)
 .ARM.attributes
                0x00000436       0x32 C:/Freescale/KSDK_1.3.0/lib/ksdk_platform_lib/kds/KL26Z4/debug/libksdk_platform.a(fsl_mcg_hal_modes.o)
 .ARM.attributes
                0x00000468       0x32 C:/Freescale/KSDK_1.3.0/lib/ksdk_platform_lib/kds/KL26Z4/debug/libksdk_platform.a(fsl_lptmr_hal.o)
 .ARM.attributes
                0x0000049a       0x32 C:/Freescale/KSDK_1.3.0/lib/ksdk_platform_lib/kds/KL26Z4/debug/libksdk_platform.a(fsl_interrupt_manager.o)
 .ARM.attributes
                0x000004cc       0x1e c:/freescale/kds_3.0.0/toolchain/bin/../lib/gcc/arm-none-eabi/4.8.4/armv6-m\libgcc.a(_udivsi3.o)
 .ARM.attributes
                0x000004ea       0x1e c:/freescale/kds_3.0.0/toolchain/bin/../lib/gcc/arm-none-eabi/4.8.4/armv6-m\libgcc.a(_divsi3.o)
 .ARM.attributes
                0x00000508       0x1e c:/freescale/kds_3.0.0/toolchain/bin/../lib/gcc/arm-none-eabi/4.8.4/armv6-m\libgcc.a(_dvmd_tls.o)
 .ARM.attributes
                0x00000526       0x2c c:/freescale/kds_3.0.0/toolchain/bin/../lib/gcc/arm-none-eabi/4.8.4/../../../../arm-none-eabi/lib/armv6-m\libg_s.a(lib_a-assert.o)
 .ARM.attributes
                0x00000552       0x2c c:/freescale/kds_3.0.0/toolchain/bin/../lib/gcc/arm-none-eabi/4.8.4/../../../../arm-none-eabi/lib/armv6-m\libg_s.a(lib_a-exit.o)
 .ARM.attributes
                0x0000057e       0x2c c:/freescale/kds_3.0.0/toolchain/bin/../lib/gcc/arm-none-eabi/4.8.4/../../../../arm-none-eabi/lib/armv6-m\libg_s.a(lib_a-fprintf.o)
 .ARM.attributes
                0x000005aa       0x2c c:/freescale/kds_3.0.0/toolchain/bin/../lib/gcc/arm-none-eabi/4.8.4/../../../../arm-none-eabi/lib/armv6-m\libg_s.a(lib_a-impure.o)
 .ARM.attributes
                0x000005d6       0x2c c:/freescale/kds_3.0.0/toolchain/bin/../lib/gcc/arm-none-eabi/4.8.4/../../../../arm-none-eabi/lib/armv6-m\libg_s.a(lib_a-init.o)
 .ARM.attributes
                0x00000602       0x2c c:/freescale/kds_3.0.0/toolchain/bin/../lib/gcc/arm-none-eabi/4.8.4/../../../../arm-none-eabi/lib/armv6-m\libg_s.a(lib_a-memset.o)
 .ARM.attributes
                0x0000062e       0x2c c:/freescale/kds_3.0.0/toolchain/bin/../lib/gcc/arm-none-eabi/4.8.4/../../../../arm-none-eabi/lib/armv6-m\libg_s.a(lib_a-nano-freer.o)
 .ARM.attributes
                0x0000065a       0x2c c:/freescale/kds_3.0.0/toolchain/bin/../lib/gcc/arm-none-eabi/4.8.4/../../../../arm-none-eabi/lib/armv6-m\libg_s.a(lib_a-nano-mallocr.o)
 .ARM.attributes
                0x00000686       0x2c c:/freescale/kds_3.0.0/toolchain/bin/../lib/gcc/arm-none-eabi/4.8.4/../../../../arm-none-eabi/lib/armv6-m\libg_s.a(lib_a-printf.o)
 .ARM.attributes
                0x000006b2       0x2c c:/freescale/kds_3.0.0/toolchain/bin/../lib/gcc/arm-none-eabi/4.8.4/../../../../arm-none-eabi/lib/armv6-m\libg_s.a(lib_a-puts.o)
 .ARM.attributes
                0x000006de       0x2c c:/freescale/kds_3.0.0/toolchain/bin/../lib/gcc/arm-none-eabi/4.8.4/../../../../arm-none-eabi/lib/armv6-m\libg_s.a(lib_a-sbrkr.o)
 .ARM.attributes
                0x0000070a       0x2c c:/freescale/kds_3.0.0/toolchain/bin/../lib/gcc/arm-none-eabi/4.8.4/../../../../arm-none-eabi/lib/armv6-m\libg_s.a(lib_a-strchr.o)
 .ARM.attributes
                0x00000736       0x2c c:/freescale/kds_3.0.0/toolchain/bin/../lib/gcc/arm-none-eabi/4.8.4/../../../../arm-none-eabi/lib/armv6-m\libg_s.a(lib_a-strlen.o)
 .ARM.attributes
                0x00000762       0x2c c:/freescale/kds_3.0.0/toolchain/bin/../lib/gcc/arm-none-eabi/4.8.4/../../../../arm-none-eabi/lib/armv6-m\libg_s.a(lib_a-strstr.o)
 .ARM.attributes
                0x0000078e       0x2c c:/freescale/kds_3.0.0/toolchain/bin/../lib/gcc/arm-none-eabi/4.8.4/../../../../arm-none-eabi/lib/armv6-m\libg_s.a(lib_a-vfprintf.o)
 .ARM.attributes
                0x000007ba       0x2c c:/freescale/kds_3.0.0/toolchain/bin/../lib/gcc/arm-none-eabi/4.8.4/../../../../arm-none-eabi/lib/armv6-m\libg_s.a(lib_a-vfprintf_i.o)
 .ARM.attributes
                0x000007e6       0x2c c:/freescale/kds_3.0.0/toolchain/bin/../lib/gcc/arm-none-eabi/4.8.4/../../../../arm-none-eabi/lib/armv6-m\libg_s.a(lib_a-wbuf.o)
 .ARM.attributes
                0x00000812       0x2c c:/freescale/kds_3.0.0/toolchain/bin/../lib/gcc/arm-none-eabi/4.8.4/../../../../arm-none-eabi/lib/armv6-m\libg_s.a(lib_a-wsetup.o)
 .ARM.attributes
                0x0000083e       0x2c c:/freescale/kds_3.0.0/toolchain/bin/../lib/gcc/arm-none-eabi/4.8.4/../../../../arm-none-eabi/lib/armv6-m\libg_s.a(lib_a-abort.o)
 .ARM.attributes
                0x0000086a       0x2c c:/freescale/kds_3.0.0/toolchain/bin/../lib/gcc/arm-none-eabi/4.8.4/../../../../arm-none-eabi/lib/armv6-m\libg_s.a(lib_a-fflush.o)
 .ARM.attributes
                0x00000896       0x2c c:/freescale/kds_3.0.0/toolchain/bin/../lib/gcc/arm-none-eabi/4.8.4/../../../../arm-none-eabi/lib/armv6-m\libg_s.a(lib_a-findfp.o)
 .ARM.attributes
                0x000008c2       0x2c c:/freescale/kds_3.0.0/toolchain/bin/../lib/gcc/arm-none-eabi/4.8.4/../../../../arm-none-eabi/lib/armv6-m\libg_s.a(lib_a-makebuf.o)
 .ARM.attributes
                0x000008ee       0x2c c:/freescale/kds_3.0.0/toolchain/bin/../lib/gcc/arm-none-eabi/4.8.4/../../../../arm-none-eabi/lib/armv6-m\libg_s.a(lib_a-memchr-stub.o)
 .ARM.attributes
                0x0000091a       0x2c c:/freescale/kds_3.0.0/toolchain/bin/../lib/gcc/arm-none-eabi/4.8.4/../../../../arm-none-eabi/lib/armv6-m\libg_s.a(lib_a-reent.o)
 .ARM.attributes
                0x00000946       0x2c c:/freescale/kds_3.0.0/toolchain/bin/../lib/gcc/arm-none-eabi/4.8.4/../../../../arm-none-eabi/lib/armv6-m\libg_s.a(lib_a-signal.o)
 .ARM.attributes
                0x00000972       0x2c c:/freescale/kds_3.0.0/toolchain/bin/../lib/gcc/arm-none-eabi/4.8.4/../../../../arm-none-eabi/lib/armv6-m\libg_s.a(lib_a-signalr.o)
 .ARM.attributes
                0x0000099e       0x2c c:/freescale/kds_3.0.0/toolchain/bin/../lib/gcc/arm-none-eabi/4.8.4/../../../../arm-none-eabi/lib/armv6-m\libg_s.a(lib_a-stdio.o)
 .ARM.attributes
                0x000009ca       0x2c c:/freescale/kds_3.0.0/toolchain/bin/../lib/gcc/arm-none-eabi/4.8.4/../../../../arm-none-eabi/lib/armv6-m\libg_s.a(lib_a-writer.o)
 .ARM.attributes
                0x000009f6       0x2c c:/freescale/kds_3.0.0/toolchain/bin/../lib/gcc/arm-none-eabi/4.8.4/../../../../arm-none-eabi/lib/armv6-m\libg_s.a(lib_a-closer.o)
 .ARM.attributes
                0x00000a22       0x2c c:/freescale/kds_3.0.0/toolchain/bin/../lib/gcc/arm-none-eabi/4.8.4/../../../../arm-none-eabi/lib/armv6-m\libg_s.a(lib_a-fstatr.o)
 .ARM.attributes
                0x00000a4e       0x2c c:/freescale/kds_3.0.0/toolchain/bin/../lib/gcc/arm-none-eabi/4.8.4/../../../../arm-none-eabi/lib/armv6-m\libg_s.a(lib_a-isattyr.o)
 .ARM.attributes
                0x00000a7a       0x2c c:/freescale/kds_3.0.0/toolchain/bin/../lib/gcc/arm-none-eabi/4.8.4/../../../../arm-none-eabi/lib/armv6-m\libg_s.a(lib_a-lseekr.o)
 .ARM.attributes
                0x00000aa6       0x2c c:/freescale/kds_3.0.0/toolchain/bin/../lib/gcc/arm-none-eabi/4.8.4/../../../../arm-none-eabi/lib/armv6-m\libg_s.a(lib_a-readr.o)
 .ARM.attributes
                0x00000ad2       0x2c c:/freescale/kds_3.0.0/toolchain/bin/../lib/gcc/arm-none-eabi/4.8.4/../../../../arm-none-eabi/lib/armv6-m\libnosys.a(close.o)
 .ARM.attributes
                0x00000afe       0x2c c:/freescale/kds_3.0.0/toolchain/bin/../lib/gcc/arm-none-eabi/4.8.4/../../../../arm-none-eabi/lib/armv6-m\libnosys.a(fstat.o)
 .ARM.attributes
                0x00000b2a       0x2c c:/freescale/kds_3.0.0/toolchain/bin/../lib/gcc/arm-none-eabi/4.8.4/../../../../arm-none-eabi/lib/armv6-m\libnosys.a(getpid.o)
 .ARM.attributes
                0x00000b56       0x2c c:/freescale/kds_3.0.0/toolchain/bin/../lib/gcc/arm-none-eabi/4.8.4/../../../../arm-none-eabi/lib/armv6-m\libnosys.a(isatty.o)
 .ARM.attributes
                0x00000b82       0x2c c:/freescale/kds_3.0.0/toolchain/bin/../lib/gcc/arm-none-eabi/4.8.4/../../../../arm-none-eabi/lib/armv6-m\libnosys.a(kill.o)
 .ARM.attributes
                0x00000bae       0x2c c:/freescale/kds_3.0.0/toolchain/bin/../lib/gcc/arm-none-eabi/4.8.4/../../../../arm-none-eabi/lib/armv6-m\libnosys.a(lseek.o)
 .ARM.attributes
                0x00000bda       0x2c c:/freescale/kds_3.0.0/toolchain/bin/../lib/gcc/arm-none-eabi/4.8.4/../../../../arm-none-eabi/lib/armv6-m\libnosys.a(sbrk.o)
 .ARM.attributes
                0x00000c06       0x2c c:/freescale/kds_3.0.0/toolchain/bin/../lib/gcc/arm-none-eabi/4.8.4/../../../../arm-none-eabi/lib/armv6-m\libnosys.a(_exit.o)
 .ARM.attributes
                0x00000c32       0x2c c:/freescale/kds_3.0.0/toolchain/bin/../lib/gcc/arm-none-eabi/4.8.4/armv6-m/crtend.o
 .ARM.attributes
                0x00000c5e       0x1e c:/freescale/kds_3.0.0/toolchain/bin/../lib/gcc/arm-none-eabi/4.8.4/armv6-m/crtn.o
                0x00000001                ASSERT ((__StackLimit >= __HeapLimit), region m_data overflowed with stack and heap)
OUTPUT(Lab_template.elf elf32-littlearm)

.debug_info     0x00000000     0xc003
 .debug_info    0x00000000      0xa71 ./Utilities/fsl_debug_console.o
 .debug_info    0x00000a71      0x5eb ./Utilities/print_scan.o
 .debug_info    0x0000105c      0x62f ./Sources/UART1_Half_Duplex.o
 .debug_info    0x0000168b      0x296 ./Project_Settings/Startup_Code/startup.o
 .debug_info    0x00001921       0x93 ./Project_Settings/Startup_Code/startup_MKL26Z4.o
 .debug_info    0x000019b4      0x432 ./Project_Settings/Startup_Code/system_MKL26Z4.o
 .debug_info    0x00001de6      0xa36 ./Board/board.o
 .debug_info    0x0000281c       0xe2 ./Board/hardware_init.o
 .debug_info    0x000028fe      0x4e6 ./Board/pin_mux.o
 .debug_info    0x00002de4      0x80e C:/Freescale/KSDK_1.3.0/lib/ksdk_platform_lib/kds/KL26Z4/debug/libksdk_platform.a(fsl_uart_hal.o)
 .debug_info    0x000035f2     0x115d C:/Freescale/KSDK_1.3.0/lib/ksdk_platform_lib/kds/KL26Z4/debug/libksdk_platform.a(fsl_uart_driver.o)
 .debug_info    0x0000474f      0x917 C:/Freescale/KSDK_1.3.0/lib/ksdk_platform_lib/kds/KL26Z4/debug/libksdk_platform.a(fsl_lpsci_hal.o)
 .debug_info    0x00005066     0x1822 C:/Freescale/KSDK_1.3.0/lib/ksdk_platform_lib/kds/KL26Z4/debug/libksdk_platform.a(fsl_clock_MKL26Z4.o)
 .debug_info    0x00006888     0x168c C:/Freescale/KSDK_1.3.0/lib/ksdk_platform_lib/kds/KL26Z4/debug/libksdk_platform.a(fsl_clock_manager.o)
 .debug_info    0x00007f14      0x449 C:/Freescale/KSDK_1.3.0/lib/ksdk_platform_lib/kds/KL26Z4/debug/libksdk_platform.a(fsl_clock_manager_common.o)
 .debug_info    0x0000835d     0x14c8 C:/Freescale/KSDK_1.3.0/lib/ksdk_platform_lib/kds/KL26Z4/debug/libksdk_platform.a(fsl_os_abstraction_bm.o)
 .debug_info    0x00009825      0x277 C:/Freescale/KSDK_1.3.0/lib/ksdk_platform_lib/kds/KL26Z4/debug/libksdk_platform.a(fsl_uart_common.o)
 .debug_info    0x00009a9c      0x957 C:/Freescale/KSDK_1.3.0/lib/ksdk_platform_lib/kds/KL26Z4/debug/libksdk_platform.a(fsl_sim_hal_MKL26Z4.o)
 .debug_info    0x0000a3f3       0xef C:/Freescale/KSDK_1.3.0/lib/ksdk_platform_lib/kds/KL26Z4/debug/libksdk_platform.a(fsl_osc_hal.o)
 .debug_info    0x0000a4e2      0xc24 C:/Freescale/KSDK_1.3.0/lib/ksdk_platform_lib/kds/KL26Z4/debug/libksdk_platform.a(fsl_mcg_hal.o)
 .debug_info    0x0000b106      0x851 C:/Freescale/KSDK_1.3.0/lib/ksdk_platform_lib/kds/KL26Z4/debug/libksdk_platform.a(fsl_mcg_hal_modes.o)
 .debug_info    0x0000b957      0x42b C:/Freescale/KSDK_1.3.0/lib/ksdk_platform_lib/kds/KL26Z4/debug/libksdk_platform.a(fsl_lptmr_hal.o)
 .debug_info    0x0000bd82      0x281 C:/Freescale/KSDK_1.3.0/lib/ksdk_platform_lib/kds/KL26Z4/debug/libksdk_platform.a(fsl_interrupt_manager.o)

.debug_abbrev   0x00000000     0x23b4
 .debug_abbrev  0x00000000      0x23a ./Utilities/fsl_debug_console.o
 .debug_abbrev  0x0000023a      0x1b6 ./Utilities/print_scan.o
 .debug_abbrev  0x000003f0      0x181 ./Sources/UART1_Half_Duplex.o
 .debug_abbrev  0x00000571       0xe9 ./Project_Settings/Startup_Code/startup.o
 .debug_abbrev  0x0000065a       0x14 ./Project_Settings/Startup_Code/startup_MKL26Z4.o
 .debug_abbrev  0x0000066e      0x109 ./Project_Settings/Startup_Code/system_MKL26Z4.o
 .debug_abbrev  0x00000777      0x202 ./Board/board.o
 .debug_abbrev  0x00000979       0x75 ./Board/hardware_init.o
 .debug_abbrev  0x000009ee      0x128 ./Board/pin_mux.o
 .debug_abbrev  0x00000b16      0x1eb C:/Freescale/KSDK_1.3.0/lib/ksdk_platform_lib/kds/KL26Z4/debug/libksdk_platform.a(fsl_uart_hal.o)
 .debug_abbrev  0x00000d01      0x236 C:/Freescale/KSDK_1.3.0/lib/ksdk_platform_lib/kds/KL26Z4/debug/libksdk_platform.a(fsl_uart_driver.o)
 .debug_abbrev  0x00000f37      0x20e C:/Freescale/KSDK_1.3.0/lib/ksdk_platform_lib/kds/KL26Z4/debug/libksdk_platform.a(fsl_lpsci_hal.o)
 .debug_abbrev  0x00001145      0x2fe C:/Freescale/KSDK_1.3.0/lib/ksdk_platform_lib/kds/KL26Z4/debug/libksdk_platform.a(fsl_clock_MKL26Z4.o)
 .debug_abbrev  0x00001443      0x2a9 C:/Freescale/KSDK_1.3.0/lib/ksdk_platform_lib/kds/KL26Z4/debug/libksdk_platform.a(fsl_clock_manager.o)
 .debug_abbrev  0x000016ec       0xdb C:/Freescale/KSDK_1.3.0/lib/ksdk_platform_lib/kds/KL26Z4/debug/libksdk_platform.a(fsl_clock_manager_common.o)
 .debug_abbrev  0x000017c7      0x2d2 C:/Freescale/KSDK_1.3.0/lib/ksdk_platform_lib/kds/KL26Z4/debug/libksdk_platform.a(fsl_os_abstraction_bm.o)
 .debug_abbrev  0x00001a99       0xb5 C:/Freescale/KSDK_1.3.0/lib/ksdk_platform_lib/kds/KL26Z4/debug/libksdk_platform.a(fsl_uart_common.o)
 .debug_abbrev  0x00001b4e      0x197 C:/Freescale/KSDK_1.3.0/lib/ksdk_platform_lib/kds/KL26Z4/debug/libksdk_platform.a(fsl_sim_hal_MKL26Z4.o)
 .debug_abbrev  0x00001ce5       0x99 C:/Freescale/KSDK_1.3.0/lib/ksdk_platform_lib/kds/KL26Z4/debug/libksdk_platform.a(fsl_osc_hal.o)
 .debug_abbrev  0x00001d7e      0x234 C:/Freescale/KSDK_1.3.0/lib/ksdk_platform_lib/kds/KL26Z4/debug/libksdk_platform.a(fsl_mcg_hal.o)
 .debug_abbrev  0x00001fb2      0x1a4 C:/Freescale/KSDK_1.3.0/lib/ksdk_platform_lib/kds/KL26Z4/debug/libksdk_platform.a(fsl_mcg_hal_modes.o)
 .debug_abbrev  0x00002156      0x139 C:/Freescale/KSDK_1.3.0/lib/ksdk_platform_lib/kds/KL26Z4/debug/libksdk_platform.a(fsl_lptmr_hal.o)
 .debug_abbrev  0x0000228f      0x125 C:/Freescale/KSDK_1.3.0/lib/ksdk_platform_lib/kds/KL26Z4/debug/libksdk_platform.a(fsl_interrupt_manager.o)

.debug_aranges  0x00000000      0xcc0
 .debug_aranges
                0x00000000       0xa0 ./Utilities/fsl_debug_console.o
 .debug_aranges
                0x000000a0       0x48 ./Utilities/print_scan.o
 .debug_aranges
                0x000000e8       0x30 ./Sources/UART1_Half_Duplex.o
 .debug_aranges
                0x00000118       0x20 ./Project_Settings/Startup_Code/startup.o
 .debug_aranges
                0x00000138       0x20 ./Project_Settings/Startup_Code/startup_MKL26Z4.o
 .debug_aranges
                0x00000158       0x28 ./Project_Settings/Startup_Code/system_MKL26Z4.o
 .debug_aranges
                0x00000180       0x58 ./Board/board.o
 .debug_aranges
                0x000001d8       0x20 ./Board/hardware_init.o
 .debug_aranges
                0x000001f8       0x98 ./Board/pin_mux.o
 .debug_aranges
                0x00000290       0xb0 C:/Freescale/KSDK_1.3.0/lib/ksdk_platform_lib/kds/KL26Z4/debug/libksdk_platform.a(fsl_uart_hal.o)
 .debug_aranges
                0x00000340       0xf0 C:/Freescale/KSDK_1.3.0/lib/ksdk_platform_lib/kds/KL26Z4/debug/libksdk_platform.a(fsl_uart_driver.o)
 .debug_aranges
                0x00000430       0xc8 C:/Freescale/KSDK_1.3.0/lib/ksdk_platform_lib/kds/KL26Z4/debug/libksdk_platform.a(fsl_lpsci_hal.o)
 .debug_aranges
                0x000004f8      0x218 C:/Freescale/KSDK_1.3.0/lib/ksdk_platform_lib/kds/KL26Z4/debug/libksdk_platform.a(fsl_clock_MKL26Z4.o)
 .debug_aranges
                0x00000710      0x150 C:/Freescale/KSDK_1.3.0/lib/ksdk_platform_lib/kds/KL26Z4/debug/libksdk_platform.a(fsl_clock_manager.o)
 .debug_aranges
                0x00000860       0x18 C:/Freescale/KSDK_1.3.0/lib/ksdk_platform_lib/kds/KL26Z4/debug/libksdk_platform.a(fsl_clock_manager_common.o)
 .debug_aranges
                0x00000878      0x170 C:/Freescale/KSDK_1.3.0/lib/ksdk_platform_lib/kds/KL26Z4/debug/libksdk_platform.a(fsl_os_abstraction_bm.o)
 .debug_aranges
                0x000009e8       0x18 C:/Freescale/KSDK_1.3.0/lib/ksdk_platform_lib/kds/KL26Z4/debug/libksdk_platform.a(fsl_uart_common.o)
 .debug_aranges
                0x00000a00       0x90 C:/Freescale/KSDK_1.3.0/lib/ksdk_platform_lib/kds/KL26Z4/debug/libksdk_platform.a(fsl_sim_hal_MKL26Z4.o)
 .debug_aranges
                0x00000a90       0x20 C:/Freescale/KSDK_1.3.0/lib/ksdk_platform_lib/kds/KL26Z4/debug/libksdk_platform.a(fsl_osc_hal.o)
 .debug_aranges
                0x00000ab0       0xf0 C:/Freescale/KSDK_1.3.0/lib/ksdk_platform_lib/kds/KL26Z4/debug/libksdk_platform.a(fsl_mcg_hal.o)
 .debug_aranges
                0x00000ba0       0x98 C:/Freescale/KSDK_1.3.0/lib/ksdk_platform_lib/kds/KL26Z4/debug/libksdk_platform.a(fsl_mcg_hal_modes.o)
 .debug_aranges
                0x00000c38       0x58 C:/Freescale/KSDK_1.3.0/lib/ksdk_platform_lib/kds/KL26Z4/debug/libksdk_platform.a(fsl_lptmr_hal.o)
 .debug_aranges
                0x00000c90       0x30 C:/Freescale/KSDK_1.3.0/lib/ksdk_platform_lib/kds/KL26Z4/debug/libksdk_platform.a(fsl_interrupt_manager.o)

.debug_ranges   0x00000000      0xb30
 .debug_ranges  0x00000000       0x90 ./Utilities/fsl_debug_console.o
 .debug_ranges  0x00000090       0x38 ./Utilities/print_scan.o
 .debug_ranges  0x000000c8       0x20 ./Sources/UART1_Half_Duplex.o
 .debug_ranges  0x000000e8       0x10 ./Project_Settings/Startup_Code/startup.o
 .debug_ranges  0x000000f8       0x18 ./Project_Settings/Startup_Code/system_MKL26Z4.o
 .debug_ranges  0x00000110       0x48 ./Board/board.o
 .debug_ranges  0x00000158       0x10 ./Board/hardware_init.o
 .debug_ranges  0x00000168       0x88 ./Board/pin_mux.o
 .debug_ranges  0x000001f0       0xa0 C:/Freescale/KSDK_1.3.0/lib/ksdk_platform_lib/kds/KL26Z4/debug/libksdk_platform.a(fsl_uart_hal.o)
 .debug_ranges  0x00000290       0xe0 C:/Freescale/KSDK_1.3.0/lib/ksdk_platform_lib/kds/KL26Z4/debug/libksdk_platform.a(fsl_uart_driver.o)
 .debug_ranges  0x00000370       0xb8 C:/Freescale/KSDK_1.3.0/lib/ksdk_platform_lib/kds/KL26Z4/debug/libksdk_platform.a(fsl_lpsci_hal.o)
 .debug_ranges  0x00000428      0x208 C:/Freescale/KSDK_1.3.0/lib/ksdk_platform_lib/kds/KL26Z4/debug/libksdk_platform.a(fsl_clock_MKL26Z4.o)
 .debug_ranges  0x00000630      0x140 C:/Freescale/KSDK_1.3.0/lib/ksdk_platform_lib/kds/KL26Z4/debug/libksdk_platform.a(fsl_clock_manager.o)
 .debug_ranges  0x00000770      0x160 C:/Freescale/KSDK_1.3.0/lib/ksdk_platform_lib/kds/KL26Z4/debug/libksdk_platform.a(fsl_os_abstraction_bm.o)
 .debug_ranges  0x000008d0       0x80 C:/Freescale/KSDK_1.3.0/lib/ksdk_platform_lib/kds/KL26Z4/debug/libksdk_platform.a(fsl_sim_hal_MKL26Z4.o)
 .debug_ranges  0x00000950       0x10 C:/Freescale/KSDK_1.3.0/lib/ksdk_platform_lib/kds/KL26Z4/debug/libksdk_platform.a(fsl_osc_hal.o)
 .debug_ranges  0x00000960       0xe0 C:/Freescale/KSDK_1.3.0/lib/ksdk_platform_lib/kds/KL26Z4/debug/libksdk_platform.a(fsl_mcg_hal.o)
 .debug_ranges  0x00000a40       0x88 C:/Freescale/KSDK_1.3.0/lib/ksdk_platform_lib/kds/KL26Z4/debug/libksdk_platform.a(fsl_mcg_hal_modes.o)
 .debug_ranges  0x00000ac8       0x48 C:/Freescale/KSDK_1.3.0/lib/ksdk_platform_lib/kds/KL26Z4/debug/libksdk_platform.a(fsl_lptmr_hal.o)
 .debug_ranges  0x00000b10       0x20 C:/Freescale/KSDK_1.3.0/lib/ksdk_platform_lib/kds/KL26Z4/debug/libksdk_platform.a(fsl_interrupt_manager.o)

.debug_macro    0x00000000    0x153ca
 .debug_macro   0x00000000      0x2c7 ./Utilities/fsl_debug_console.o
 .debug_macro   0x000002c7      0x808 ./Utilities/fsl_debug_console.o
 .debug_macro   0x00000acf       0x58 ./Utilities/fsl_debug_console.o
 .debug_macro   0x00000b27       0x58 ./Utilities/fsl_debug_console.o
 .debug_macro   0x00000b7f       0x16 ./Utilities/fsl_debug_console.o
 .debug_macro   0x00000b95       0x35 ./Utilities/fsl_debug_console.o
 .debug_macro   0x00000bca       0xa3 ./Utilities/fsl_debug_console.o
 .debug_macro   0x00000c6d       0x16 ./Utilities/fsl_debug_console.o
 .debug_macro   0x00000c83       0x97 ./Utilities/fsl_debug_console.o
 .debug_macro   0x00000d1a       0xef ./Utilities/fsl_debug_console.o
 .debug_macro   0x00000e09       0x4a ./Utilities/fsl_debug_console.o
 .debug_macro   0x00000e53       0x52 ./Utilities/fsl_debug_console.o
 .debug_macro   0x00000ea5       0x16 ./Utilities/fsl_debug_console.o
 .debug_macro   0x00000ebb       0x43 ./Utilities/fsl_debug_console.o
 .debug_macro   0x00000efe      0x180 ./Utilities/fsl_debug_console.o
 .debug_macro   0x0000107e       0x10 ./Utilities/fsl_debug_console.o
 .debug_macro   0x0000108e       0x22 ./Utilities/fsl_debug_console.o
 .debug_macro   0x000010b0       0xbd ./Utilities/fsl_debug_console.o
 .debug_macro   0x0000116d       0x16 ./Utilities/fsl_debug_console.o
 .debug_macro   0x00001183      0x14a ./Utilities/fsl_debug_console.o
 .debug_macro   0x000012cd       0x16 ./Utilities/fsl_debug_console.o
 .debug_macro   0x000012e3       0x35 ./Utilities/fsl_debug_console.o
 .debug_macro   0x00001318       0x22 ./Utilities/fsl_debug_console.o
 .debug_macro   0x0000133a       0x11 ./Utilities/fsl_debug_console.o
 .debug_macro   0x0000134b       0x16 ./Utilities/fsl_debug_console.o
 .debug_macro   0x00001361      0x20f ./Utilities/fsl_debug_console.o
 .debug_macro   0x00001570       0x3a ./Utilities/fsl_debug_console.o
 .debug_macro   0x000015aa       0x3a ./Utilities/fsl_debug_console.o
 .debug_macro   0x000015e4       0x1f ./Utilities/fsl_debug_console.o
 .debug_macro   0x00001603      0x250 ./Utilities/fsl_debug_console.o
 .debug_macro   0x00001853       0x77 ./Utilities/fsl_debug_console.o
 .debug_macro   0x000018ca     0x8bcc ./Utilities/fsl_debug_console.o
 .debug_macro   0x0000a496       0x82 ./Utilities/fsl_debug_console.o
 .debug_macro   0x0000a518     0x84a8 ./Utilities/fsl_debug_console.o
 .debug_macro   0x000129c0     0x10f4 ./Utilities/fsl_debug_console.o
 .debug_macro   0x00013ab4       0x22 ./Utilities/fsl_debug_console.o
 .debug_macro   0x00013ad6       0x44 ./Utilities/fsl_debug_console.o
 .debug_macro   0x00013b1a       0x22 ./Utilities/fsl_debug_console.o
 .debug_macro   0x00013b3c       0x16 ./Utilities/fsl_debug_console.o
 .debug_macro   0x00013b52       0x10 ./Utilities/fsl_debug_console.o
 .debug_macro   0x00013b62       0x11 ./Utilities/fsl_debug_console.o
 .debug_macro   0x00013b73       0x10 ./Utilities/fsl_debug_console.o
 .debug_macro   0x00013b83      0x2a6 ./Utilities/fsl_debug_console.o
 .debug_macro   0x00013e29       0x10 ./Utilities/fsl_debug_console.o
 .debug_macro   0x00013e39      0x257 ./Utilities/print_scan.o
 .debug_macro   0x00014090       0x10 ./Utilities/print_scan.o
 .debug_macro   0x000140a0       0x52 ./Utilities/print_scan.o
 .debug_macro   0x000140f2       0x94 ./Utilities/print_scan.o
 .debug_macro   0x00014186      0x214 ./Sources/UART1_Half_Duplex.o
 .debug_macro   0x0001439a       0x44 ./Sources/UART1_Half_Duplex.o
 .debug_macro   0x000143de      0x209 ./Sources/UART1_Half_Duplex.o
 .debug_macro   0x000145e7      0x10e ./Sources/UART1_Half_Duplex.o
 .debug_macro   0x000146f5       0x7f ./Sources/UART1_Half_Duplex.o
 .debug_macro   0x00014774       0x7c ./Sources/UART1_Half_Duplex.o
 .debug_macro   0x000147f0       0x22 ./Sources/UART1_Half_Duplex.o
 .debug_macro   0x00014812      0x22b ./Sources/UART1_Half_Duplex.o
 .debug_macro   0x00014a3d       0x10 ./Sources/UART1_Half_Duplex.o
 .debug_macro   0x00014a4d       0x22 ./Sources/UART1_Half_Duplex.o
 .debug_macro   0x00014a6f      0x167 ./Project_Settings/Startup_Code/startup.o
 .debug_macro   0x00014bd6      0x158 ./Project_Settings/Startup_Code/system_MKL26Z4.o
 .debug_macro   0x00014d2e       0x4c ./Project_Settings/Startup_Code/system_MKL26Z4.o
 .debug_macro   0x00014d7a      0x270 ./Board/board.o